\BOOKMARK [0][-]{chapter.1}{\376\377\0001\000\040\000H\000i\000e\000r\000a\000r\000c\000h\000i\000c\000a\000l\000\040\000I\000n\000d\000e\000x}{}% 1
\BOOKMARK [1][-]{section.1.1}{\376\377\0001\000.\0001\000\040\000C\000l\000a\000s\000s\000\040\000H\000i\000e\000r\000a\000r\000c\000h\000y}{chapter.1}% 2
\BOOKMARK [0][-]{chapter.2}{\376\377\0002\000\040\000C\000l\000a\000s\000s\000\040\000I\000n\000d\000e\000x}{}% 3
\BOOKMARK [1][-]{section.2.1}{\376\377\0002\000.\0001\000\040\000C\000l\000a\000s\000s\000\040\000L\000i\000s\000t}{chapter.2}% 4
\BOOKMARK [0][-]{chapter.3}{\376\377\0003\000\040\000F\000i\000l\000e\000\040\000I\000n\000d\000e\000x}{}% 5
\BOOKMARK [1][-]{section.3.1}{\376\377\0003\000.\0001\000\040\000F\000i\000l\000e\000\040\000L\000i\000s\000t}{chapter.3}% 6
\BOOKMARK [0][-]{chapter.4}{\376\377\0004\000\040\000C\000l\000a\000s\000s\000\040\000D\000o\000c\000u\000m\000e\000n\000t\000a\000t\000i\000o\000n}{}% 7
\BOOKMARK [1][-]{section.4.1}{\376\377\0004\000.\0001\000\040\000A\000d\000m\000i\000n\000\040\000C\000l\000a\000s\000s\000\040\000R\000e\000f\000e\000r\000e\000n\000c\000e}{chapter.4}% 8
\BOOKMARK [2][-]{subsection.4.1.1}{\376\377\0004\000.\0001\000.\0001\000\040\000D\000e\000t\000a\000i\000l\000e\000d\000\040\000D\000e\000s\000c\000r\000i\000p\000t\000i\000o\000n}{section.4.1}% 9
\BOOKMARK [2][-]{subsection.4.1.2}{\376\377\0004\000.\0001\000.\0002\000\040\000C\000o\000n\000s\000t\000r\000u\000c\000t\000o\000r\000\040\000\046\000\040\000D\000e\000s\000t\000r\000u\000c\000t\000o\000r\000\040\000D\000o\000c\000u\000m\000e\000n\000t\000a\000t\000i\000o\000n}{section.4.1}% 10
\BOOKMARK [3][-]{subsubsection.4.1.2.1}{\376\377\0004\000.\0001\000.\0002\000.\0001\000\040\000A\000d\000m\000i\000n\000\050\000\051}{subsection.4.1.2}% 11
\BOOKMARK [2][-]{subsection.4.1.3}{\376\377\0004\000.\0001\000.\0003\000\040\000M\000e\000m\000b\000e\000r\000\040\000F\000u\000n\000c\000t\000i\000o\000n\000\040\000D\000o\000c\000u\000m\000e\000n\000t\000a\000t\000i\000o\000n}{section.4.1}% 12
\BOOKMARK [3][-]{subsubsection.4.1.3.1}{\376\377\0004\000.\0001\000.\0003\000.\0001\000\040\000a\000d\000m\000i\000n\000S\000t\000a\000t\000u\000s\000\050\000\051}{subsection.4.1.3}% 13
\BOOKMARK [1][-]{section.4.2}{\376\377\0004\000.\0002\000\040\000A\000I\000\040\000C\000l\000a\000s\000s\000\040\000R\000e\000f\000e\000r\000e\000n\000c\000e}{chapter.4}% 14
\BOOKMARK [2][-]{subsection.4.2.1}{\376\377\0004\000.\0002\000.\0001\000\040\000D\000e\000t\000a\000i\000l\000e\000d\000\040\000D\000e\000s\000c\000r\000i\000p\000t\000i\000o\000n}{section.4.2}% 15
\BOOKMARK [2][-]{subsection.4.2.2}{\376\377\0004\000.\0002\000.\0002\000\040\000M\000e\000m\000b\000e\000r\000\040\000E\000n\000u\000m\000e\000r\000a\000t\000i\000o\000n\000\040\000D\000o\000c\000u\000m\000e\000n\000t\000a\000t\000i\000o\000n}{section.4.2}% 16
\BOOKMARK [3][-]{subsubsection.4.2.2.1}{\376\377\0004\000.\0002\000.\0002\000.\0001\000\040\000a\000n\000o\000n\000y\000m\000o\000u\000s\000\040\000e\000n\000u\000m}{subsection.4.2.2}% 17
\BOOKMARK [2][-]{subsection.4.2.3}{\376\377\0004\000.\0002\000.\0003\000\040\000C\000o\000n\000s\000t\000r\000u\000c\000t\000o\000r\000\040\000\046\000\040\000D\000e\000s\000t\000r\000u\000c\000t\000o\000r\000\040\000D\000o\000c\000u\000m\000e\000n\000t\000a\000t\000i\000o\000n}{section.4.2}% 18
\BOOKMARK [3][-]{subsubsection.4.2.3.1}{\376\377\0004\000.\0002\000.\0003\000.\0001\000\040\000A\000I\000\050\000\051}{subsection.4.2.3}% 19
\BOOKMARK [2][-]{subsection.4.2.4}{\376\377\0004\000.\0002\000.\0004\000\040\000M\000e\000m\000b\000e\000r\000\040\000F\000u\000n\000c\000t\000i\000o\000n\000\040\000D\000o\000c\000u\000m\000e\000n\000t\000a\000t\000i\000o\000n}{section.4.2}% 20
\BOOKMARK [3][-]{subsubsection.4.2.4.1}{\376\377\0004\000.\0002\000.\0004\000.\0001\000\040\000a\000d\000d\000U\000s\000e\000r\000\050\000\051}{subsection.4.2.4}% 21
\BOOKMARK [3][-]{subsubsection.4.2.4.2}{\376\377\0004\000.\0002\000.\0004\000.\0002\000\040\000b\000u\000i\000l\000d\000D\000e\000v\000i\000c\000e\000\050\000\051}{subsection.4.2.4}% 22
\BOOKMARK [3][-]{subsubsection.4.2.4.3}{\376\377\0004\000.\0002\000.\0004\000.\0003\000\040\000c\000h\000e\000c\000k\000S\000e\000c\000u\000r\000i\000t\000y\000\050\000\051}{subsection.4.2.4}% 23
\BOOKMARK [3][-]{subsubsection.4.2.4.4}{\376\377\0004\000.\0002\000.\0004\000.\0004\000\040\000e\000n\000s\000u\000r\000e\000A\000d\000m\000i\000n\000A\000c\000c\000e\000s\000s\000\050\000\051}{subsection.4.2.4}% 24
\BOOKMARK [3][-]{subsubsection.4.2.4.5}{\376\377\0004\000.\0002\000.\0004\000.\0005\000\040\000f\000o\000r\000c\000e\000B\000a\000d\000A\000l\000l\000o\000c\000\050\000\051}{subsection.4.2.4}% 25
\BOOKMARK [3][-]{subsubsection.4.2.4.6}{\376\377\0004\000.\0002\000.\0004\000.\0006\000\040\000f\000o\000r\000c\000e\000E\000r\000r\000o\000r\000\050\000\051}{subsection.4.2.4}% 26
\BOOKMARK [3][-]{subsubsection.4.2.4.7}{\376\377\0004\000.\0002\000.\0004\000.\0007\000\040\000m\000i\000c\000r\000o\000p\000h\000o\000n\000e\000\050\000\051}{subsection.4.2.4}% 27
\BOOKMARK [3][-]{subsubsection.4.2.4.8}{\376\377\0004\000.\0002\000.\0004\000.\0008\000\040\000r\000e\000c\000o\000v\000e\000r\000S\000e\000c\000u\000r\000i\000t\000y\000\050\000\051}{subsection.4.2.4}% 28
\BOOKMARK [3][-]{subsubsection.4.2.4.9}{\376\377\0004\000.\0002\000.\0004\000.\0009\000\040\000r\000e\000f\000r\000e\000s\000h\000D\000a\000t\000a\000\050\000\051}{subsection.4.2.4}% 29
\BOOKMARK [3][-]{subsubsection.4.2.4.10}{\376\377\0004\000.\0002\000.\0004\000.\0001\0000\000\040\000r\000e\000m\000o\000v\000e\000U\000s\000e\000r\000\050\000\051}{subsection.4.2.4}% 30
\BOOKMARK [3][-]{subsubsection.4.2.4.11}{\376\377\0004\000.\0002\000.\0004\000.\0001\0001\000\040\000r\000e\000q\000u\000e\000s\000t\000O\000p\000t\000i\000o\000n\000\050\000\051}{subsection.4.2.4}% 31
\BOOKMARK [3][-]{subsubsection.4.2.4.12}{\376\377\0004\000.\0002\000.\0004\000.\0001\0002\000\040\000s\000h\000o\000w\000A\000l\000l\000U\000s\000e\000r\000s\000\050\000\051}{subsection.4.2.4}% 32
\BOOKMARK [3][-]{subsubsection.4.2.4.13}{\376\377\0004\000.\0002\000.\0004\000.\0001\0003\000\040\000s\000i\000g\000n\000a\000l\000H\000a\000n\000d\000l\000e\000r\000\050\000\051}{subsection.4.2.4}% 33
\BOOKMARK [3][-]{subsubsection.4.2.4.14}{\376\377\0004\000.\0002\000.\0004\000.\0001\0004\000\040\000s\000t\000a\000r\000t\000C\000o\000l\000l\000e\000c\000t\000i\000n\000g\000D\000a\000t\000a\000\050\000\051}{subsection.4.2.4}% 34
\BOOKMARK [3][-]{subsubsection.4.2.4.15}{\376\377\0004\000.\0002\000.\0004\000.\0001\0005\000\040\000t\000h\000r\000o\000w\000D\000e\000m\000o\000n\000\050\000\051}{subsection.4.2.4}% 35
\BOOKMARK [3][-]{subsubsection.4.2.4.16}{\376\377\0004\000.\0002\000.\0004\000.\0001\0006\000\040\000t\000u\000r\000n\000D\000e\000v\000i\000c\000e\000s\000\050\000\051}{subsection.4.2.4}% 36
\BOOKMARK [3][-]{subsubsection.4.2.4.17}{\376\377\0004\000.\0002\000.\0004\000.\0001\0007\000\040\000t\000u\000r\000n\000S\000e\000c\000u\000r\000i\000t\000y\000\050\000\051}{subsection.4.2.4}% 37
\BOOKMARK [2][-]{subsection.4.2.5}{\376\377\0004\000.\0002\000.\0005\000\040\000M\000e\000m\000b\000e\000r\000\040\000D\000a\000t\000a\000\040\000D\000o\000c\000u\000m\000e\000n\000t\000a\000t\000i\000o\000n}{section.4.2}% 38
\BOOKMARK [3][-]{subsubsection.4.2.5.1}{\376\377\0004\000.\0002\000.\0005\000.\0001\000\040\000a\000b\000o\000r\000t}{subsection.4.2.5}% 39
\BOOKMARK [3][-]{subsubsection.4.2.5.2}{\376\377\0004\000.\0002\000.\0005\000.\0002\000\040\000M\000A\000X\000\137\000D\000A\000T\000A}{subsection.4.2.5}% 40
\BOOKMARK [3][-]{subsubsection.4.2.5.3}{\376\377\0004\000.\0002\000.\0005\000.\0003\000\040\000S\000L\000E\000E\000P\000T\000I\000M\000E}{subsection.4.2.5}% 41
\BOOKMARK [3][-]{subsubsection.4.2.5.4}{\376\377\0004\000.\0002\000.\0005\000.\0004\000\040\000T\000A\000G}{subsection.4.2.5}% 42
\BOOKMARK [3][-]{subsubsection.4.2.5.5}{\376\377\0004\000.\0002\000.\0005\000.\0005\000\040\000t\000i\000m\000e\000\137\000c\000o\000u\000n\000t\000e\000r}{subsection.4.2.5}% 43
\BOOKMARK [1][-]{section.4.3}{\376\377\0004\000.\0003\000\040\000B\000a\000s\000e\000E\000x\000c\000e\000p\000t\000i\000o\000n\000\040\000C\000l\000a\000s\000s\000\040\000R\000e\000f\000e\000r\000e\000n\000c\000e}{chapter.4}% 44
\BOOKMARK [2][-]{subsection.4.3.1}{\376\377\0004\000.\0003\000.\0001\000\040\000D\000e\000t\000a\000i\000l\000e\000d\000\040\000D\000e\000s\000c\000r\000i\000p\000t\000i\000o\000n}{section.4.3}% 45
\BOOKMARK [2][-]{subsection.4.3.2}{\376\377\0004\000.\0003\000.\0002\000\040\000C\000o\000n\000s\000t\000r\000u\000c\000t\000o\000r\000\040\000\046\000\040\000D\000e\000s\000t\000r\000u\000c\000t\000o\000r\000\040\000D\000o\000c\000u\000m\000e\000n\000t\000a\000t\000i\000o\000n}{section.4.3}% 46
\BOOKMARK [3][-]{subsubsection.4.3.2.1}{\376\377\0004\000.\0003\000.\0002\000.\0001\000\040\000B\000a\000s\000e\000E\000x\000c\000e\000p\000t\000i\000o\000n\000\050\000\051}{subsection.4.3.2}% 47
\BOOKMARK [2][-]{subsection.4.3.3}{\376\377\0004\000.\0003\000.\0003\000\040\000M\000e\000m\000b\000e\000r\000\040\000F\000u\000n\000c\000t\000i\000o\000n\000\040\000D\000o\000c\000u\000m\000e\000n\000t\000a\000t\000i\000o\000n}{section.4.3}% 48
\BOOKMARK [3][-]{subsubsection.4.3.3.1}{\376\377\0004\000.\0003\000.\0003\000.\0001\000\040\000w\000h\000a\000t\000\050\000\051}{subsection.4.3.3}% 49
\BOOKMARK [2][-]{subsection.4.3.4}{\376\377\0004\000.\0003\000.\0004\000\040\000M\000e\000m\000b\000e\000r\000\040\000D\000a\000t\000a\000\040\000D\000o\000c\000u\000m\000e\000n\000t\000a\000t\000i\000o\000n}{section.4.3}% 50
\BOOKMARK [3][-]{subsubsection.4.3.4.1}{\376\377\0004\000.\0003\000.\0004\000.\0001\000\040\000e\000x\000c\000e\000p\000t\000i\000o\000n}{subsection.4.3.4}% 51
\BOOKMARK [3][-]{subsubsection.4.3.4.2}{\376\377\0004\000.\0003\000.\0004\000.\0002\000\040\000t\000a\000g}{subsection.4.3.4}% 52
\BOOKMARK [1][-]{section.4.4}{\376\377\0004\000.\0004\000\040\000D\000a\000t\000a\000D\000e\000v\000i\000c\000e\000\040\000C\000l\000a\000s\000s\000\040\000R\000e\000f\000e\000r\000e\000n\000c\000e}{chapter.4}% 53
\BOOKMARK [2][-]{subsection.4.4.1}{\376\377\0004\000.\0004\000.\0001\000\040\000D\000e\000t\000a\000i\000l\000e\000d\000\040\000D\000e\000s\000c\000r\000i\000p\000t\000i\000o\000n}{section.4.4}% 54
\BOOKMARK [2][-]{subsection.4.4.2}{\376\377\0004\000.\0004\000.\0002\000\040\000C\000o\000n\000s\000t\000r\000u\000c\000t\000o\000r\000\040\000\046\000\040\000D\000e\000s\000t\000r\000u\000c\000t\000o\000r\000\040\000D\000o\000c\000u\000m\000e\000n\000t\000a\000t\000i\000o\000n}{section.4.4}% 55
\BOOKMARK [3][-]{subsubsection.4.4.2.1}{\376\377\0004\000.\0004\000.\0002\000.\0001\000\040\000D\000a\000t\000a\000D\000e\000v\000i\000c\000e\000\050\000\051\000\040\000[\0001\000/\0002\000]}{subsection.4.4.2}% 56
\BOOKMARK [3][-]{subsubsection.4.4.2.2}{\376\377\0004\000.\0004\000.\0002\000.\0002\000\040\000D\000a\000t\000a\000D\000e\000v\000i\000c\000e\000\050\000\051\000\040\000[\0002\000/\0002\000]}{subsection.4.4.2}% 57
\BOOKMARK [2][-]{subsection.4.4.3}{\376\377\0004\000.\0004\000.\0003\000\040\000M\000e\000m\000b\000e\000r\000\040\000F\000u\000n\000c\000t\000i\000o\000n\000\040\000D\000o\000c\000u\000m\000e\000n\000t\000a\000t\000i\000o\000n}{section.4.4}% 58
\BOOKMARK [3][-]{subsubsection.4.4.3.1}{\376\377\0004\000.\0004\000.\0003\000.\0001\000\040\000a\000p\000p\000e\000n\000d\000N\000e\000w\000D\000a\000t\000a\000\050\000\051}{subsection.4.4.3}% 59
\BOOKMARK [3][-]{subsubsection.4.4.3.2}{\376\377\0004\000.\0004\000.\0003\000.\0002\000\040\000g\000e\000t\000N\000u\000m\000S\000e\000n\000s\000o\000r\000s\000\050\000\051}{subsection.4.4.3}% 60
\BOOKMARK [3][-]{subsubsection.4.4.3.3}{\376\377\0004\000.\0004\000.\0003\000.\0003\000\040\000s\000e\000t\000A\000l\000l\000D\000a\000t\000a\000D\000e\000v\000i\000c\000e\000s\000\050\000\051}{subsection.4.4.3}% 61
\BOOKMARK [3][-]{subsubsection.4.4.3.4}{\376\377\0004\000.\0004\000.\0003\000.\0004\000\040\000s\000e\000t\000L\000i\000m\000i\000t\000\050\000\051}{subsection.4.4.3}% 62
\BOOKMARK [2][-]{subsection.4.4.4}{\376\377\0004\000.\0004\000.\0004\000\040\000F\000r\000i\000e\000n\000d\000s\000\040\000A\000n\000d\000\040\000R\000e\000l\000a\000t\000e\000d\000\040\000F\000u\000n\000c\000t\000i\000o\000n\000\040\000D\000o\000c\000u\000m\000e\000n\000t\000a\000t\000i\000o\000n}{section.4.4}% 63
\BOOKMARK [3][-]{subsubsection.4.4.4.1}{\376\377\0004\000.\0004\000.\0004\000.\0001\000\040\000A\000I}{subsection.4.4.4}% 64
\BOOKMARK [3][-]{subsubsection.4.4.4.2}{\376\377\0004\000.\0004\000.\0004\000.\0002\000\040\000D\000e\000v\000i\000c\000e\000B\000u\000i\000l\000d\000e\000r}{subsection.4.4.4}% 65
\BOOKMARK [3][-]{subsubsection.4.4.4.3}{\376\377\0004\000.\0004\000.\0004\000.\0003\000\040\000I\000O\000D\000i}{subsection.4.4.4}% 66
\BOOKMARK [2][-]{subsection.4.4.5}{\376\377\0004\000.\0004\000.\0005\000\040\000M\000e\000m\000b\000e\000r\000\040\000D\000a\000t\000a\000\040\000D\000o\000c\000u\000m\000e\000n\000t\000a\000t\000i\000o\000n}{section.4.4}% 67
\BOOKMARK [3][-]{subsubsection.4.4.5.1}{\376\377\0004\000.\0004\000.\0005\000.\0001\000\040\000a\000l\000l\000D\000a\000t\000a\000D\000e\000v\000i\000c\000e\000N\000a\000m\000e\000s}{subsection.4.4.5}% 68
\BOOKMARK [3][-]{subsubsection.4.4.5.2}{\376\377\0004\000.\0004\000.\0005\000.\0002\000\040\000a\000l\000l\000D\000a\000t\000a\000D\000e\000v\000i\000c\000e\000s}{subsection.4.4.5}% 69
\BOOKMARK [3][-]{subsubsection.4.4.5.3}{\376\377\0004\000.\0004\000.\0005\000.\0003\000\040\000c\000o\000l\000l\000e\000c\000t\000e\000d\000D\000a\000t\000a}{subsection.4.4.5}% 70
\BOOKMARK [3][-]{subsubsection.4.4.5.4}{\376\377\0004\000.\0004\000.\0005\000.\0004\000\040\000c\000o\000l\000l\000e\000c\000t\000e\000d\000T\000i\000m\000e\000s}{subsection.4.4.5}% 71
\BOOKMARK [3][-]{subsubsection.4.4.5.5}{\376\377\0004\000.\0004\000.\0005\000.\0005\000\040\000d\000a\000t\000a\000G\000e\000n\000e\000r\000a\000t\000o\000r}{subsection.4.4.5}% 72
\BOOKMARK [3][-]{subsubsection.4.4.5.6}{\376\377\0004\000.\0004\000.\0005\000.\0006\000\040\000l\000i\000m\000i\000t}{subsection.4.4.5}% 73
\BOOKMARK [3][-]{subsubsection.4.4.5.7}{\376\377\0004\000.\0004\000.\0005\000.\0007\000\040\000n\000e\000e\000d\000s\000L\000i\000m\000i\000t}{subsection.4.4.5}% 74
\BOOKMARK [3][-]{subsubsection.4.4.5.8}{\376\377\0004\000.\0004\000.\0005\000.\0008\000\040\000n\000u\000m\000S\000e\000n\000s\000o\000r\000s}{subsection.4.4.5}% 75
\BOOKMARK [3][-]{subsubsection.4.4.5.9}{\376\377\0004\000.\0004\000.\0005\000.\0009\000\040\000n\000u\000m\000S\000e\000n\000s\000o\000r\000s\000A\000c\000t\000i\000v\000e}{subsection.4.4.5}% 76
\BOOKMARK [1][-]{section.4.5}{\376\377\0004\000.\0005\000\040\000D\000e\000v\000i\000c\000e\000\040\000C\000l\000a\000s\000s\000\040\000R\000e\000f\000e\000r\000e\000n\000c\000e}{chapter.4}% 77
\BOOKMARK [2][-]{subsection.4.5.1}{\376\377\0004\000.\0005\000.\0001\000\040\000D\000e\000t\000a\000i\000l\000e\000d\000\040\000D\000e\000s\000c\000r\000i\000p\000t\000i\000o\000n}{section.4.5}% 78
\BOOKMARK [2][-]{subsection.4.5.2}{\376\377\0004\000.\0005\000.\0002\000\040\000M\000e\000m\000b\000e\000r\000\040\000E\000n\000u\000m\000e\000r\000a\000t\000i\000o\000n\000\040\000D\000o\000c\000u\000m\000e\000n\000t\000a\000t\000i\000o\000n}{section.4.5}% 79
\BOOKMARK [3][-]{subsubsection.4.5.2.1}{\376\377\0004\000.\0005\000.\0002\000.\0001\000\040\000a\000n\000o\000n\000y\000m\000o\000u\000s\000\040\000e\000n\000u\000m}{subsection.4.5.2}% 80
\BOOKMARK [2][-]{subsection.4.5.3}{\376\377\0004\000.\0005\000.\0003\000\040\000C\000o\000n\000s\000t\000r\000u\000c\000t\000o\000r\000\040\000\046\000\040\000D\000e\000s\000t\000r\000u\000c\000t\000o\000r\000\040\000D\000o\000c\000u\000m\000e\000n\000t\000a\000t\000i\000o\000n}{section.4.5}% 81
\BOOKMARK [3][-]{subsubsection.4.5.3.1}{\376\377\0004\000.\0005\000.\0003\000.\0001\000\040\000D\000e\000v\000i\000c\000e\000\050\000\051\000\040\000[\0001\000/\0002\000]}{subsection.4.5.3}% 82
\BOOKMARK [3][-]{subsubsection.4.5.3.2}{\376\377\0004\000.\0005\000.\0003\000.\0002\000\040\000D\000e\000v\000i\000c\000e\000\050\000\051\000\040\000[\0002\000/\0002\000]}{subsection.4.5.3}% 83
\BOOKMARK [2][-]{subsection.4.5.4}{\376\377\0004\000.\0005\000.\0004\000\040\000M\000e\000m\000b\000e\000r\000\040\000F\000u\000n\000c\000t\000i\000o\000n\000\040\000D\000o\000c\000u\000m\000e\000n\000t\000a\000t\000i\000o\000n}{section.4.5}% 84
\BOOKMARK [3][-]{subsubsection.4.5.4.1}{\376\377\0004\000.\0005\000.\0004\000.\0001\000\040\000g\000e\000t\000N\000a\000m\000e\000\050\000\051}{subsection.4.5.4}% 85
\BOOKMARK [3][-]{subsubsection.4.5.4.2}{\376\377\0004\000.\0005\000.\0004\000.\0002\000\040\000g\000e\000t\000N\000u\000m\000S\000k\000i\000l\000l\000s\000\050\000\051}{subsection.4.5.4}% 86
\BOOKMARK [3][-]{subsubsection.4.5.4.3}{\376\377\0004\000.\0005\000.\0004\000.\0003\000\040\000o\000p\000e\000r\000a\000t\000o\000r\000[\000]\000\050\000\051\000\040\000[\0001\000/\0002\000]}{subsection.4.5.4}% 87
\BOOKMARK [3][-]{subsubsection.4.5.4.4}{\376\377\0004\000.\0005\000.\0004\000.\0004\000\040\000o\000p\000e\000r\000a\000t\000o\000r\000[\000]\000\050\000\051\000\040\000[\0002\000/\0002\000]}{subsection.4.5.4}% 88
\BOOKMARK [3][-]{subsubsection.4.5.4.5}{\376\377\0004\000.\0005\000.\0004\000.\0005\000\040\000o\000p\000e\000r\000a\000t\000o\000r\000\040\000\050\000\051}{subsection.4.5.4}% 89
\BOOKMARK [3][-]{subsubsection.4.5.4.6}{\376\377\0004\000.\0005\000.\0004\000.\0006\000\040\000s\000e\000t\000A\000l\000l\000D\000e\000v\000i\000c\000e\000s\000\050\000\051}{subsection.4.5.4}% 90
\BOOKMARK [3][-]{subsubsection.4.5.4.7}{\376\377\0004\000.\0005\000.\0004\000.\0007\000\040\000s\000e\000t\000D\000e\000v\000i\000c\000e\000C\000o\000u\000n\000t\000e\000r\000\050\000\051}{subsection.4.5.4}% 91
\BOOKMARK [2][-]{subsection.4.5.5}{\376\377\0004\000.\0005\000.\0005\000\040\000F\000r\000i\000e\000n\000d\000s\000\040\000A\000n\000d\000\040\000R\000e\000l\000a\000t\000e\000d\000\040\000F\000u\000n\000c\000t\000i\000o\000n\000\040\000D\000o\000c\000u\000m\000e\000n\000t\000a\000t\000i\000o\000n}{section.4.5}% 92
\BOOKMARK [3][-]{subsubsection.4.5.5.1}{\376\377\0004\000.\0005\000.\0005\000.\0001\000\040\000A\000I}{subsection.4.5.5}% 93
\BOOKMARK [3][-]{subsubsection.4.5.5.2}{\376\377\0004\000.\0005\000.\0005\000.\0002\000\040\000D\000e\000v\000i\000c\000e\000B\000u\000i\000l\000d\000e\000r}{subsection.4.5.5}% 94
\BOOKMARK [3][-]{subsubsection.4.5.5.3}{\376\377\0004\000.\0005\000.\0005\000.\0003\000\040\000I\000O\000D\000i}{subsection.4.5.5}% 95
\BOOKMARK [2][-]{subsection.4.5.6}{\376\377\0004\000.\0005\000.\0006\000\040\000M\000e\000m\000b\000e\000r\000\040\000D\000a\000t\000a\000\040\000D\000o\000c\000u\000m\000e\000n\000t\000a\000t\000i\000o\000n}{section.4.5}% 96
\BOOKMARK [3][-]{subsubsection.4.5.6.1}{\376\377\0004\000.\0005\000.\0006\000.\0001\000\040\000a\000l\000l\000D\000e\000v\000i\000c\000e\000N\000a\000m\000e\000s}{subsection.4.5.6}% 97
\BOOKMARK [3][-]{subsubsection.4.5.6.2}{\376\377\0004\000.\0005\000.\0006\000.\0002\000\040\000a\000l\000l\000D\000e\000v\000i\000c\000e\000s}{subsection.4.5.6}% 98
\BOOKMARK [3][-]{subsubsection.4.5.6.3}{\376\377\0004\000.\0005\000.\0006\000.\0003\000\040\000i\000d}{subsection.4.5.6}% 99
\BOOKMARK [3][-]{subsubsection.4.5.6.4}{\376\377\0004\000.\0005\000.\0006\000.\0004\000\040\000i\000s\000A\000c\000t\000i\000v\000e}{subsection.4.5.6}% 100
\BOOKMARK [3][-]{subsubsection.4.5.6.5}{\376\377\0004\000.\0005\000.\0006\000.\0005\000\040\000i\000s\000D\000a\000t\000a\000D\000e\000v\000i\000c\000e}{subsection.4.5.6}% 101
\BOOKMARK [3][-]{subsubsection.4.5.6.6}{\376\377\0004\000.\0005\000.\0006\000.\0006\000\040\000n\000a\000m\000e}{subsection.4.5.6}% 102
\BOOKMARK [3][-]{subsubsection.4.5.6.7}{\376\377\0004\000.\0005\000.\0006\000.\0007\000\040\000n\000u\000m\000D\000e\000v\000i\000c\000e\000s}{subsection.4.5.6}% 103
\BOOKMARK [3][-]{subsubsection.4.5.6.8}{\376\377\0004\000.\0005\000.\0006\000.\0008\000\040\000n\000u\000m\000S\000k\000i\000l\000l\000s}{subsection.4.5.6}% 104
\BOOKMARK [3][-]{subsubsection.4.5.6.9}{\376\377\0004\000.\0005\000.\0006\000.\0009\000\040\000s\000k\000i\000l\000l\000N\000a\000m\000e\000s}{subsection.4.5.6}% 105
\BOOKMARK [3][-]{subsubsection.4.5.6.10}{\376\377\0004\000.\0005\000.\0006\000.\0001\0000\000\040\000s\000k\000i\000l\000l\000s}{subsection.4.5.6}% 106
\BOOKMARK [3][-]{subsubsection.4.5.6.11}{\376\377\0004\000.\0005\000.\0006\000.\0001\0001\000\040\000T\000A\000G}{subsection.4.5.6}% 107
\BOOKMARK [1][-]{section.4.6}{\376\377\0004\000.\0006\000\040\000D\000e\000v\000i\000c\000e\000B\000u\000i\000l\000d\000e\000r\000\040\000C\000l\000a\000s\000s\000\040\000R\000e\000f\000e\000r\000e\000n\000c\000e}{chapter.4}% 108
\BOOKMARK [2][-]{subsection.4.6.1}{\376\377\0004\000.\0006\000.\0001\000\040\000D\000e\000t\000a\000i\000l\000e\000d\000\040\000D\000e\000s\000c\000r\000i\000p\000t\000i\000o\000n}{section.4.6}% 109
\BOOKMARK [2][-]{subsection.4.6.2}{\376\377\0004\000.\0006\000.\0002\000\040\000C\000o\000n\000s\000t\000r\000u\000c\000t\000o\000r\000\040\000\046\000\040\000D\000e\000s\000t\000r\000u\000c\000t\000o\000r\000\040\000D\000o\000c\000u\000m\000e\000n\000t\000a\000t\000i\000o\000n}{section.4.6}% 110
\BOOKMARK [3][-]{subsubsection.4.6.2.1}{\376\377\0004\000.\0006\000.\0002\000.\0001\000\040\000D\000e\000v\000i\000c\000e\000B\000u\000i\000l\000d\000e\000r\000\050\000\051}{subsection.4.6.2}% 111
\BOOKMARK [2][-]{subsection.4.6.3}{\376\377\0004\000.\0006\000.\0003\000\040\000M\000e\000m\000b\000e\000r\000\040\000F\000u\000n\000c\000t\000i\000o\000n\000\040\000D\000o\000c\000u\000m\000e\000n\000t\000a\000t\000i\000o\000n}{section.4.6}% 112
\BOOKMARK [3][-]{subsubsection.4.6.3.1}{\376\377\0004\000.\0006\000.\0003\000.\0001\000\040\000b\000u\000i\000l\000d\000A\000l\000l\000D\000e\000v\000i\000c\000e\000s\000\050\000\051}{subsection.4.6.3}% 113
\BOOKMARK [3][-]{subsubsection.4.6.3.2}{\376\377\0004\000.\0006\000.\0003\000.\0002\000\040\000b\000u\000i\000l\000d\000D\000i\000s\000p\000l\000a\000y\000\050\000\051}{subsection.4.6.3}% 114
\BOOKMARK [3][-]{subsubsection.4.6.3.3}{\376\377\0004\000.\0006\000.\0003\000.\0003\000\040\000b\000u\000i\000l\000d\000D\000K\000D\000e\000v\000i\000c\000e\000\050\000\051}{subsection.4.6.3}% 115
\BOOKMARK [3][-]{subsubsection.4.6.3.4}{\376\377\0004\000.\0006\000.\0003\000.\0004\000\040\000c\000l\000e\000a\000r\000A\000l\000l\000\050\000\051}{subsection.4.6.3}% 116
\BOOKMARK [3][-]{subsubsection.4.6.3.5}{\376\377\0004\000.\0006\000.\0003\000.\0005\000\040\000s\000e\000t\000A\000s\000D\000a\000t\000a\000D\000e\000v\000i\000c\000e\000\050\000\051}{subsection.4.6.3}% 117
\BOOKMARK [3][-]{subsubsection.4.6.3.6}{\376\377\0004\000.\0006\000.\0003\000.\0006\000\040\000s\000e\000t\000A\000s\000K\000e\000r\000n\000e\000l\000D\000e\000v\000i\000c\000e\000\050\000\051}{subsection.4.6.3}% 118
\BOOKMARK [3][-]{subsubsection.4.6.3.7}{\376\377\0004\000.\0006\000.\0003\000.\0007\000\040\000s\000e\000t\000D\000a\000t\000a\000G\000e\000n\000e\000r\000a\000t\000o\000r\000\050\000\051}{subsection.4.6.3}% 119
\BOOKMARK [3][-]{subsubsection.4.6.3.8}{\376\377\0004\000.\0006\000.\0003\000.\0008\000\040\000s\000e\000t\000L\000i\000m\000i\000t\000\050\000\051}{subsection.4.6.3}% 120
\BOOKMARK [3][-]{subsubsection.4.6.3.9}{\376\377\0004\000.\0006\000.\0003\000.\0009\000\040\000s\000e\000t\000S\000e\000c\000u\000r\000i\000t\000y\000G\000e\000n\000e\000r\000a\000t\000o\000r\000\050\000\051}{subsection.4.6.3}% 121
\BOOKMARK [3][-]{subsubsection.4.6.3.10}{\376\377\0004\000.\0006\000.\0003\000.\0001\0000\000\040\000s\000e\000t\000S\000k\000i\000l\000l\000\050\000\051}{subsection.4.6.3}% 122
\BOOKMARK [2][-]{subsection.4.6.4}{\376\377\0004\000.\0006\000.\0004\000\040\000M\000e\000m\000b\000e\000r\000\040\000D\000a\000t\000a\000\040\000D\000o\000c\000u\000m\000e\000n\000t\000a\000t\000i\000o\000n}{section.4.6}% 123
\BOOKMARK [3][-]{subsubsection.4.6.4.1}{\376\377\0004\000.\0006\000.\0004\000.\0001\000\040\000a\000l\000l\000B\000u\000i\000l\000d\000e\000r\000s}{subsection.4.6.4}% 124
\BOOKMARK [3][-]{subsubsection.4.6.4.2}{\376\377\0004\000.\0006\000.\0004\000.\0002\000\040\000a\000l\000l\000D\000a\000t\000a\000D\000e\000v\000i\000c\000e\000s}{subsection.4.6.4}% 125
\BOOKMARK [3][-]{subsubsection.4.6.4.3}{\376\377\0004\000.\0006\000.\0004\000.\0003\000\040\000a\000l\000l\000D\000e\000v\000i\000c\000e\000s}{subsection.4.6.4}% 126
\BOOKMARK [3][-]{subsubsection.4.6.4.4}{\376\377\0004\000.\0006\000.\0004\000.\0004\000\040\000a\000l\000l\000K\000e\000r\000n\000e\000l\000D\000e\000v\000i\000c\000e\000s}{subsection.4.6.4}% 127
\BOOKMARK [3][-]{subsubsection.4.6.4.5}{\376\377\0004\000.\0006\000.\0004\000.\0005\000\040\000d\000a\000t\000a\000G\000e\000n\000e\000r\000a\000t\000o\000r}{subsection.4.6.4}% 128
\BOOKMARK [3][-]{subsubsection.4.6.4.6}{\376\377\0004\000.\0006\000.\0004\000.\0006\000\040\000d\000e\000v\000i\000c\000e\000C\000o\000u\000n\000t\000e\000r}{subsection.4.6.4}% 129
\BOOKMARK [3][-]{subsubsection.4.6.4.7}{\376\377\0004\000.\0006\000.\0004\000.\0007\000\040\000i\000d}{subsection.4.6.4}% 130
\BOOKMARK [3][-]{subsubsection.4.6.4.8}{\376\377\0004\000.\0006\000.\0004\000.\0008\000\040\000i\000s\000D\000a\000t\000a\000D\000e\000v\000i\000c\000e}{subsection.4.6.4}% 131
\BOOKMARK [3][-]{subsubsection.4.6.4.9}{\376\377\0004\000.\0006\000.\0004\000.\0009\000\040\000l\000i\000m\000i\000t}{subsection.4.6.4}% 132
\BOOKMARK [3][-]{subsubsection.4.6.4.10}{\376\377\0004\000.\0006\000.\0004\000.\0001\0000\000\040\000n\000a\000m\000e}{subsection.4.6.4}% 133
\BOOKMARK [3][-]{subsubsection.4.6.4.11}{\376\377\0004\000.\0006\000.\0004\000.\0001\0001\000\040\000s\000e\000c\000u\000r\000i\000t\000y\000G\000e\000n\000e\000r\000a\000t\000o\000r}{subsection.4.6.4}% 134
\BOOKMARK [3][-]{subsubsection.4.6.4.12}{\376\377\0004\000.\0006\000.\0004\000.\0001\0002\000\040\000s\000k\000i\000l\000l\000N\000a\000m\000e\000s\000V\000e\000c\000t\000o\000r}{subsection.4.6.4}% 135
\BOOKMARK [3][-]{subsubsection.4.6.4.13}{\376\377\0004\000.\0006\000.\0004\000.\0001\0003\000\040\000s\000k\000i\000l\000l\000V\000e\000c\000t\000o\000r}{subsection.4.6.4}% 136
\BOOKMARK [1][-]{section.4.7}{\376\377\0004\000.\0007\000\040\000d\000e\000v\000i\000c\000e\000D\000a\000t\000a\000s\000e\000t\000\040\000C\000l\000a\000s\000s\000\040\000R\000e\000f\000e\000r\000e\000n\000c\000e}{chapter.4}% 137
\BOOKMARK [2][-]{subsection.4.7.1}{\376\377\0004\000.\0007\000.\0001\000\040\000D\000e\000t\000a\000i\000l\000e\000d\000\040\000D\000e\000s\000c\000r\000i\000p\000t\000i\000o\000n}{section.4.7}% 138
\BOOKMARK [2][-]{subsection.4.7.2}{\376\377\0004\000.\0007\000.\0002\000\040\000M\000e\000m\000b\000e\000r\000\040\000F\000u\000n\000c\000t\000i\000o\000n\000\040\000D\000o\000c\000u\000m\000e\000n\000t\000a\000t\000i\000o\000n}{section.4.7}% 139
\BOOKMARK [3][-]{subsubsection.4.7.2.1}{\376\377\0004\000.\0007\000.\0002\000.\0001\000\040\000i\000n\000i\000t\000D\000a\000t\000a\000s\000e\000t\000\050\000\051}{subsection.4.7.2}% 140
\BOOKMARK [1][-]{section.4.8}{\376\377\0004\000.\0008\000\040\000I\000n\000s\000u\000f\000f\000i\000c\000i\000e\000n\000t\000P\000e\000r\000m\000i\000s\000s\000i\000o\000n\000s\000E\000x\000c\000e\000p\000t\000i\000o\000n\000\040\000C\000l\000a\000s\000s\000\040\000R\000e\000f\000e\000r\000e\000n\000c\000e}{chapter.4}% 141
\BOOKMARK [2][-]{subsection.4.8.1}{\376\377\0004\000.\0008\000.\0001\000\040\000D\000e\000t\000a\000i\000l\000e\000d\000\040\000D\000e\000s\000c\000r\000i\000p\000t\000i\000o\000n}{section.4.8}% 142
\BOOKMARK [2][-]{subsection.4.8.2}{\376\377\0004\000.\0008\000.\0002\000\040\000C\000o\000n\000s\000t\000r\000u\000c\000t\000o\000r\000\040\000\046\000\040\000D\000e\000s\000t\000r\000u\000c\000t\000o\000r\000\040\000D\000o\000c\000u\000m\000e\000n\000t\000a\000t\000i\000o\000n}{section.4.8}% 143
\BOOKMARK [3][-]{subsubsection.4.8.2.1}{\376\377\0004\000.\0008\000.\0002\000.\0001\000\040\000I\000n\000s\000u\000f\000f\000i\000c\000i\000e\000n\000t\000P\000e\000r\000m\000i\000s\000s\000i\000o\000n\000s\000E\000x\000c\000e\000p\000t\000i\000o\000n\000\050\000\051}{subsection.4.8.2}% 144
\BOOKMARK [2][-]{subsection.4.8.3}{\376\377\0004\000.\0008\000.\0003\000\040\000M\000e\000m\000b\000e\000r\000\040\000D\000a\000t\000a\000\040\000D\000o\000c\000u\000m\000e\000n\000t\000a\000t\000i\000o\000n}{section.4.8}% 145
\BOOKMARK [3][-]{subsubsection.4.8.3.1}{\376\377\0004\000.\0008\000.\0003\000.\0001\000\040\000E\000R\000R\000O\000R\000\137\000M\000E\000S\000S\000A\000G\000E}{subsection.4.8.3}% 146
\BOOKMARK [1][-]{section.4.9}{\376\377\0004\000.\0009\000\040\000I\000n\000v\000a\000l\000i\000d\000D\000e\000v\000i\000c\000e\000E\000x\000c\000e\000p\000t\000i\000o\000n\000\040\000C\000l\000a\000s\000s\000\040\000R\000e\000f\000e\000r\000e\000n\000c\000e}{chapter.4}% 147
\BOOKMARK [2][-]{subsection.4.9.1}{\376\377\0004\000.\0009\000.\0001\000\040\000D\000e\000t\000a\000i\000l\000e\000d\000\040\000D\000e\000s\000c\000r\000i\000p\000t\000i\000o\000n}{section.4.9}% 148
\BOOKMARK [2][-]{subsection.4.9.2}{\376\377\0004\000.\0009\000.\0002\000\040\000C\000o\000n\000s\000t\000r\000u\000c\000t\000o\000r\000\040\000\046\000\040\000D\000e\000s\000t\000r\000u\000c\000t\000o\000r\000\040\000D\000o\000c\000u\000m\000e\000n\000t\000a\000t\000i\000o\000n}{section.4.9}% 149
\BOOKMARK [3][-]{subsubsection.4.9.2.1}{\376\377\0004\000.\0009\000.\0002\000.\0001\000\040\000I\000n\000v\000a\000l\000i\000d\000D\000e\000v\000i\000c\000e\000E\000x\000c\000e\000p\000t\000i\000o\000n\000\050\000\051}{subsection.4.9.2}% 150
\BOOKMARK [2][-]{subsection.4.9.3}{\376\377\0004\000.\0009\000.\0003\000\040\000M\000e\000m\000b\000e\000r\000\040\000D\000a\000t\000a\000\040\000D\000o\000c\000u\000m\000e\000n\000t\000a\000t\000i\000o\000n}{section.4.9}% 151
\BOOKMARK [3][-]{subsubsection.4.9.3.1}{\376\377\0004\000.\0009\000.\0003\000.\0001\000\040\000E\000R\000R\000O\000R\000\137\000M\000E\000S\000S\000A\000G\000E}{subsection.4.9.3}% 152
\BOOKMARK [1][-]{section.4.10}{\376\377\0004\000.\0001\0000\000\040\000I\000n\000v\000a\000l\000i\000d\000F\000i\000l\000e\000E\000x\000c\000e\000p\000t\000i\000o\000n\000\040\000C\000l\000a\000s\000s\000\040\000R\000e\000f\000e\000r\000e\000n\000c\000e}{chapter.4}% 153
\BOOKMARK [2][-]{subsection.4.10.1}{\376\377\0004\000.\0001\0000\000.\0001\000\040\000D\000e\000t\000a\000i\000l\000e\000d\000\040\000D\000e\000s\000c\000r\000i\000p\000t\000i\000o\000n}{section.4.10}% 154
\BOOKMARK [2][-]{subsection.4.10.2}{\376\377\0004\000.\0001\0000\000.\0002\000\040\000C\000o\000n\000s\000t\000r\000u\000c\000t\000o\000r\000\040\000\046\000\040\000D\000e\000s\000t\000r\000u\000c\000t\000o\000r\000\040\000D\000o\000c\000u\000m\000e\000n\000t\000a\000t\000i\000o\000n}{section.4.10}% 155
\BOOKMARK [3][-]{subsubsection.4.10.2.1}{\376\377\0004\000.\0001\0000\000.\0002\000.\0001\000\040\000I\000n\000v\000a\000l\000i\000d\000F\000i\000l\000e\000E\000x\000c\000e\000p\000t\000i\000o\000n\000\050\000\051}{subsection.4.10.2}% 156
\BOOKMARK [2][-]{subsection.4.10.3}{\376\377\0004\000.\0001\0000\000.\0003\000\040\000M\000e\000m\000b\000e\000r\000\040\000D\000a\000t\000a\000\040\000D\000o\000c\000u\000m\000e\000n\000t\000a\000t\000i\000o\000n}{section.4.10}% 157
\BOOKMARK [3][-]{subsubsection.4.10.3.1}{\376\377\0004\000.\0001\0000\000.\0003\000.\0001\000\040\000E\000R\000R\000O\000R\000\137\000M\000E\000S\000S\000A\000G\000E}{subsection.4.10.3}% 158
\BOOKMARK [1][-]{section.4.11}{\376\377\0004\000.\0001\0001\000\040\000I\000n\000v\000a\000l\000i\000d\000S\000k\000i\000l\000l\000E\000x\000c\000e\000p\000t\000i\000o\000n\000\040\000C\000l\000a\000s\000s\000\040\000R\000e\000f\000e\000r\000e\000n\000c\000e}{chapter.4}% 159
\BOOKMARK [2][-]{subsection.4.11.1}{\376\377\0004\000.\0001\0001\000.\0001\000\040\000D\000e\000t\000a\000i\000l\000e\000d\000\040\000D\000e\000s\000c\000r\000i\000p\000t\000i\000o\000n}{section.4.11}% 160
\BOOKMARK [2][-]{subsection.4.11.2}{\376\377\0004\000.\0001\0001\000.\0002\000\040\000C\000o\000n\000s\000t\000r\000u\000c\000t\000o\000r\000\040\000\046\000\040\000D\000e\000s\000t\000r\000u\000c\000t\000o\000r\000\040\000D\000o\000c\000u\000m\000e\000n\000t\000a\000t\000i\000o\000n}{section.4.11}% 161
\BOOKMARK [3][-]{subsubsection.4.11.2.1}{\376\377\0004\000.\0001\0001\000.\0002\000.\0001\000\040\000I\000n\000v\000a\000l\000i\000d\000S\000k\000i\000l\000l\000E\000x\000c\000e\000p\000t\000i\000o\000n\000\050\000\051}{subsection.4.11.2}% 162
\BOOKMARK [2][-]{subsection.4.11.3}{\376\377\0004\000.\0001\0001\000.\0003\000\040\000M\000e\000m\000b\000e\000r\000\040\000D\000a\000t\000a\000\040\000D\000o\000c\000u\000m\000e\000n\000t\000a\000t\000i\000o\000n}{section.4.11}% 163
\BOOKMARK [3][-]{subsubsection.4.11.3.1}{\376\377\0004\000.\0001\0001\000.\0003\000.\0001\000\040\000E\000R\000R\000O\000R\000\137\000M\000E\000S\000S\000A\000G\000E}{subsection.4.11.3}% 164
\BOOKMARK [1][-]{section.4.12}{\376\377\0004\000.\0001\0002\000\040\000I\000n\000v\000a\000l\000i\000d\000U\000s\000e\000r\000E\000x\000c\000e\000p\000t\000i\000o\000n\000\040\000C\000l\000a\000s\000s\000\040\000R\000e\000f\000e\000r\000e\000n\000c\000e}{chapter.4}% 165
\BOOKMARK [2][-]{subsection.4.12.1}{\376\377\0004\000.\0001\0002\000.\0001\000\040\000D\000e\000t\000a\000i\000l\000e\000d\000\040\000D\000e\000s\000c\000r\000i\000p\000t\000i\000o\000n}{section.4.12}% 166
\BOOKMARK [2][-]{subsection.4.12.2}{\376\377\0004\000.\0001\0002\000.\0002\000\040\000C\000o\000n\000s\000t\000r\000u\000c\000t\000o\000r\000\040\000\046\000\040\000D\000e\000s\000t\000r\000u\000c\000t\000o\000r\000\040\000D\000o\000c\000u\000m\000e\000n\000t\000a\000t\000i\000o\000n}{section.4.12}% 167
\BOOKMARK [3][-]{subsubsection.4.12.2.1}{\376\377\0004\000.\0001\0002\000.\0002\000.\0001\000\040\000I\000n\000v\000a\000l\000i\000d\000U\000s\000e\000r\000E\000x\000c\000e\000p\000t\000i\000o\000n\000\050\000\051}{subsection.4.12.2}% 168
\BOOKMARK [2][-]{subsection.4.12.3}{\376\377\0004\000.\0001\0002\000.\0003\000\040\000M\000e\000m\000b\000e\000r\000\040\000D\000a\000t\000a\000\040\000D\000o\000c\000u\000m\000e\000n\000t\000a\000t\000i\000o\000n}{section.4.12}% 169
\BOOKMARK [3][-]{subsubsection.4.12.3.1}{\376\377\0004\000.\0001\0002\000.\0003\000.\0001\000\040\000E\000R\000R\000O\000R\000\137\000M\000E\000S\000S\000A\000G\000E}{subsection.4.12.3}% 170
\BOOKMARK [1][-]{section.4.13}{\376\377\0004\000.\0001\0003\000\040\000I\000O\000D\000i\000\040\000C\000l\000a\000s\000s\000\040\000R\000e\000f\000e\000r\000e\000n\000c\000e}{chapter.4}% 171
\BOOKMARK [2][-]{subsection.4.13.1}{\376\377\0004\000.\0001\0003\000.\0001\000\040\000D\000e\000t\000a\000i\000l\000e\000d\000\040\000D\000e\000s\000c\000r\000i\000p\000t\000i\000o\000n}{section.4.13}% 172
\BOOKMARK [2][-]{subsection.4.13.2}{\376\377\0004\000.\0001\0003\000.\0002\000\040\000M\000e\000m\000b\000e\000r\000\040\000E\000n\000u\000m\000e\000r\000a\000t\000i\000o\000n\000\040\000D\000o\000c\000u\000m\000e\000n\000t\000a\000t\000i\000o\000n}{section.4.13}% 173
\BOOKMARK [3][-]{subsubsection.4.13.2.1}{\376\377\0004\000.\0001\0003\000.\0002\000.\0001\000\040\000a\000n\000o\000n\000y\000m\000o\000u\000s\000\040\000e\000n\000u\000m}{subsection.4.13.2}% 174
\BOOKMARK [2][-]{subsection.4.13.3}{\376\377\0004\000.\0001\0003\000.\0003\000\040\000C\000o\000n\000s\000t\000r\000u\000c\000t\000o\000r\000\040\000\046\000\040\000D\000e\000s\000t\000r\000u\000c\000t\000o\000r\000\040\000D\000o\000c\000u\000m\000e\000n\000t\000a\000t\000i\000o\000n}{section.4.13}% 175
\BOOKMARK [3][-]{subsubsection.4.13.3.1}{\376\377\0004\000.\0001\0003\000.\0003\000.\0001\000\040\000I\000O\000D\000i\000\050\000\051}{subsection.4.13.3}% 176
\BOOKMARK [2][-]{subsection.4.13.4}{\376\377\0004\000.\0001\0003\000.\0004\000\040\000M\000e\000m\000b\000e\000r\000\040\000F\000u\000n\000c\000t\000i\000o\000n\000\040\000D\000o\000c\000u\000m\000e\000n\000t\000a\000t\000i\000o\000n}{section.4.13}% 177
\BOOKMARK [3][-]{subsubsection.4.13.4.1}{\376\377\0004\000.\0001\0003\000.\0004\000.\0001\000\040\000r\000e\000q\000u\000e\000s\000t\000A\000l\000l\000S\000t\000a\000t\000u\000s\000\050\000\051}{subsection.4.13.4}% 178
\BOOKMARK [3][-]{subsubsection.4.13.4.2}{\376\377\0004\000.\0001\0003\000.\0004\000.\0002\000\040\000r\000e\000q\000u\000e\000s\000t\000C\000u\000r\000r\000e\000n\000t\000D\000e\000v\000i\000c\000e\000N\000a\000m\000e\000\050\000\051}{subsection.4.13.4}% 179
\BOOKMARK [3][-]{subsubsection.4.13.4.3}{\376\377\0004\000.\0001\0003\000.\0004\000.\0003\000\040\000r\000e\000q\000u\000e\000s\000t\000D\000e\000v\000i\000c\000e\000N\000a\000m\000e\000s\000\050\000\051}{subsection.4.13.4}% 180
\BOOKMARK [3][-]{subsubsection.4.13.4.4}{\376\377\0004\000.\0001\0003\000.\0004\000.\0004\000\040\000r\000e\000q\000u\000e\000s\000t\000D\000e\000v\000i\000c\000e\000S\000k\000i\000l\000l\000s\000\050\000\051}{subsection.4.13.4}% 181
\BOOKMARK [3][-]{subsubsection.4.13.4.5}{\376\377\0004\000.\0001\0003\000.\0004\000.\0005\000\040\000r\000e\000q\000u\000e\000s\000t\000N\000u\000m\000b\000e\000r\000O\000f\000D\000a\000t\000a\000D\000e\000v\000i\000c\000e\000s\000\050\000\051}{subsection.4.13.4}% 182
\BOOKMARK [3][-]{subsubsection.4.13.4.6}{\376\377\0004\000.\0001\0003\000.\0004\000.\0006\000\040\000r\000e\000q\000u\000e\000s\000t\000N\000u\000m\000b\000e\000r\000O\000f\000S\000k\000i\000l\000l\000s\000\050\000\051}{subsection.4.13.4}% 183
\BOOKMARK [3][-]{subsubsection.4.13.4.7}{\376\377\0004\000.\0001\0003\000.\0004\000.\0007\000\040\000r\000e\000q\000u\000e\000s\000t\000S\000k\000i\000l\000l\000\050\000\051\000\040\000[\0001\000/\0002\000]}{subsection.4.13.4}% 184
\BOOKMARK [3][-]{subsubsection.4.13.4.8}{\376\377\0004\000.\0001\0003\000.\0004\000.\0008\000\040\000r\000e\000q\000u\000e\000s\000t\000S\000k\000i\000l\000l\000\050\000\051\000\040\000[\0002\000/\0002\000]}{subsection.4.13.4}% 185
\BOOKMARK [3][-]{subsubsection.4.13.4.9}{\376\377\0004\000.\0001\0003\000.\0004\000.\0009\000\040\000s\000e\000t\000C\000u\000r\000r\000e\000n\000t\000D\000e\000v\000i\000c\000e\000\050\000\051\000\040\000[\0001\000/\0002\000]}{subsection.4.13.4}% 186
\BOOKMARK [3][-]{subsubsection.4.13.4.10}{\376\377\0004\000.\0001\0003\000.\0004\000.\0001\0000\000\040\000s\000e\000t\000C\000u\000r\000r\000e\000n\000t\000D\000e\000v\000i\000c\000e\000\050\000\051\000\040\000[\0002\000/\0002\000]}{subsection.4.13.4}% 187
\BOOKMARK [2][-]{subsection.4.13.5}{\376\377\0004\000.\0001\0003\000.\0005\000\040\000M\000e\000m\000b\000e\000r\000\040\000D\000a\000t\000a\000\040\000D\000o\000c\000u\000m\000e\000n\000t\000a\000t\000i\000o\000n}{section.4.13}% 188
\BOOKMARK [3][-]{subsubsection.4.13.5.1}{\376\377\0004\000.\0001\0003\000.\0005\000.\0001\000\040\000c\000u\000r\000r\000e\000n\000t\000D\000e\000v\000i\000c\000e\000N\000a\000m\000e}{subsection.4.13.5}% 189
\BOOKMARK [3][-]{subsubsection.4.13.5.2}{\376\377\0004\000.\0001\0003\000.\0005\000.\0002\000\040\000c\000u\000r\000r\000e\000n\000t\000D\000e\000v\000i\000c\000e\000P\000o\000s}{subsection.4.13.5}% 190
\BOOKMARK [3][-]{subsubsection.4.13.5.3}{\376\377\0004\000.\0001\0003\000.\0005\000.\0003\000\040\000i\000d}{subsection.4.13.5}% 191
\BOOKMARK [3][-]{subsubsection.4.13.5.4}{\376\377\0004\000.\0001\0003\000.\0005\000.\0004\000\040\000m\000a\000x\000I\000D}{subsection.4.13.5}% 192
\BOOKMARK [3][-]{subsubsection.4.13.5.5}{\376\377\0004\000.\0001\0003\000.\0005\000.\0005\000\040\000T\000A\000G}{subsection.4.13.5}% 193
\BOOKMARK [1][-]{section.4.14}{\376\377\0004\000.\0001\0004\000\040\000k\000b\000\040\000C\000l\000a\000s\000s\000\040\000R\000e\000f\000e\000r\000e\000n\000c\000e}{chapter.4}% 194
\BOOKMARK [2][-]{subsection.4.14.1}{\376\377\0004\000.\0001\0004\000.\0001\000\040\000D\000e\000t\000a\000i\000l\000e\000d\000\040\000D\000e\000s\000c\000r\000i\000p\000t\000i\000o\000n}{section.4.14}% 195
\BOOKMARK [2][-]{subsection.4.14.2}{\376\377\0004\000.\0001\0004\000.\0002\000\040\000M\000e\000m\000b\000e\000r\000\040\000F\000u\000n\000c\000t\000i\000o\000n\000\040\000D\000o\000c\000u\000m\000e\000n\000t\000a\000t\000i\000o\000n}{section.4.14}% 196
\BOOKMARK [3][-]{subsubsection.4.14.2.1}{\376\377\0004\000.\0001\0004\000.\0002\000.\0001\000\040\000k\000b\000h\000i\000t\000\050\000\051}{subsection.4.14.2}% 197
\BOOKMARK [1][-]{section.4.15}{\376\377\0004\000.\0001\0005\000\040\000K\000e\000r\000n\000e\000l\000D\000e\000v\000i\000c\000e\000\040\000C\000l\000a\000s\000s\000\040\000R\000e\000f\000e\000r\000e\000n\000c\000e}{chapter.4}% 198
\BOOKMARK [2][-]{subsection.4.15.1}{\376\377\0004\000.\0001\0005\000.\0001\000\040\000D\000e\000t\000a\000i\000l\000e\000d\000\040\000D\000e\000s\000c\000r\000i\000p\000t\000i\000o\000n}{section.4.15}% 199
\BOOKMARK [2][-]{subsection.4.15.2}{\376\377\0004\000.\0001\0005\000.\0002\000\040\000C\000o\000n\000s\000t\000r\000u\000c\000t\000o\000r\000\040\000\046\000\040\000D\000e\000s\000t\000r\000u\000c\000t\000o\000r\000\040\000D\000o\000c\000u\000m\000e\000n\000t\000a\000t\000i\000o\000n}{section.4.15}% 200
\BOOKMARK [3][-]{subsubsection.4.15.2.1}{\376\377\0004\000.\0001\0005\000.\0002\000.\0001\000\040\000K\000e\000r\000n\000e\000l\000D\000e\000v\000i\000c\000e\000\050\000\051\000\040\000[\0001\000/\0002\000]}{subsection.4.15.2}% 201
\BOOKMARK [3][-]{subsubsection.4.15.2.2}{\376\377\0004\000.\0001\0005\000.\0002\000.\0002\000\040\000K\000e\000r\000n\000e\000l\000D\000e\000v\000i\000c\000e\000\050\000\051\000\040\000[\0002\000/\0002\000]}{subsection.4.15.2}% 202
\BOOKMARK [2][-]{subsection.4.15.3}{\376\377\0004\000.\0001\0005\000.\0003\000\040\000M\000e\000m\000b\000e\000r\000\040\000F\000u\000n\000c\000t\000i\000o\000n\000\040\000D\000o\000c\000u\000m\000e\000n\000t\000a\000t\000i\000o\000n}{section.4.15}% 203
\BOOKMARK [3][-]{subsubsection.4.15.3.1}{\376\377\0004\000.\0001\0005\000.\0003\000.\0001\000\040\000s\000e\000t\000A\000l\000l\000K\000e\000r\000n\000e\000l\000D\000e\000v\000i\000c\000e\000s\000\050\000\051}{subsection.4.15.3}% 204
\BOOKMARK [2][-]{subsection.4.15.4}{\376\377\0004\000.\0001\0005\000.\0004\000\040\000F\000r\000i\000e\000n\000d\000s\000\040\000A\000n\000d\000\040\000R\000e\000l\000a\000t\000e\000d\000\040\000F\000u\000n\000c\000t\000i\000o\000n\000\040\000D\000o\000c\000u\000m\000e\000n\000t\000a\000t\000i\000o\000n}{section.4.15}% 205
\BOOKMARK [3][-]{subsubsection.4.15.4.1}{\376\377\0004\000.\0001\0005\000.\0004\000.\0001\000\040\000A\000I}{subsection.4.15.4}% 206
\BOOKMARK [3][-]{subsubsection.4.15.4.2}{\376\377\0004\000.\0001\0005\000.\0004\000.\0002\000\040\000D\000e\000v\000i\000c\000e\000B\000u\000i\000l\000d\000e\000r}{subsection.4.15.4}% 207
\BOOKMARK [2][-]{subsection.4.15.5}{\376\377\0004\000.\0001\0005\000.\0005\000\040\000M\000e\000m\000b\000e\000r\000\040\000D\000a\000t\000a\000\040\000D\000o\000c\000u\000m\000e\000n\000t\000a\000t\000i\000o\000n}{section.4.15}% 208
\BOOKMARK [3][-]{subsubsection.4.15.5.1}{\376\377\0004\000.\0001\0005\000.\0005\000.\0001\000\040\000a\000l\000l\000K\000e\000r\000n\000e\000l\000D\000e\000v\000i\000c\000e\000s}{subsection.4.15.5}% 209
\BOOKMARK [3][-]{subsubsection.4.15.5.2}{\376\377\0004\000.\0001\0005\000.\0005\000.\0002\000\040\000n\000u\000m\000K\000e\000r\000n\000s}{subsection.4.15.5}% 210
\BOOKMARK [3][-]{subsubsection.4.15.5.3}{\376\377\0004\000.\0001\0005\000.\0005\000.\0003\000\040\000s\000e\000c\000u\000r\000i\000t\000y\000G\000e\000n\000e\000r\000a\000t\000o\000r}{subsection.4.15.5}% 211
\BOOKMARK [3][-]{subsubsection.4.15.5.4}{\376\377\0004\000.\0001\0005\000.\0005\000.\0004\000\040\000s\000e\000c\000u\000r\000i\000t\000y\000H\000a\000s\000B\000e\000e\000n\000B\000r\000o\000k\000e\000n}{subsection.4.15.5}% 212
\BOOKMARK [1][-]{section.4.16}{\376\377\0004\000.\0001\0006\000\040\000L\000o\000g\000i\000n\000\040\000C\000l\000a\000s\000s\000\040\000R\000e\000f\000e\000r\000e\000n\000c\000e}{chapter.4}% 213
\BOOKMARK [2][-]{subsection.4.16.1}{\376\377\0004\000.\0001\0006\000.\0001\000\040\000D\000e\000t\000a\000i\000l\000e\000d\000\040\000D\000e\000s\000c\000r\000i\000p\000t\000i\000o\000n}{section.4.16}% 214
\BOOKMARK [2][-]{subsection.4.16.2}{\376\377\0004\000.\0001\0006\000.\0002\000\040\000C\000o\000n\000s\000t\000r\000u\000c\000t\000o\000r\000\040\000\046\000\040\000D\000e\000s\000t\000r\000u\000c\000t\000o\000r\000\040\000D\000o\000c\000u\000m\000e\000n\000t\000a\000t\000i\000o\000n}{section.4.16}% 215
\BOOKMARK [3][-]{subsubsection.4.16.2.1}{\376\377\0004\000.\0001\0006\000.\0002\000.\0001\000\040\000L\000o\000g\000i\000n\000\050\000\051}{subsection.4.16.2}% 216
\BOOKMARK [2][-]{subsection.4.16.3}{\376\377\0004\000.\0001\0006\000.\0003\000\040\000M\000e\000m\000b\000e\000r\000\040\000F\000u\000n\000c\000t\000i\000o\000n\000\040\000D\000o\000c\000u\000m\000e\000n\000t\000a\000t\000i\000o\000n}{section.4.16}% 217
\BOOKMARK [3][-]{subsubsection.4.16.3.1}{\376\377\0004\000.\0001\0006\000.\0003\000.\0001\000\040\000s\000t\000a\000r\000t\000L\000o\000g\000i\000n\000\050\000\051}{subsection.4.16.3}% 218
\BOOKMARK [2][-]{subsection.4.16.4}{\376\377\0004\000.\0001\0006\000.\0004\000\040\000M\000e\000m\000b\000e\000r\000\040\000D\000a\000t\000a\000\040\000D\000o\000c\000u\000m\000e\000n\000t\000a\000t\000i\000o\000n}{section.4.16}% 219
\BOOKMARK [3][-]{subsubsection.4.16.4.1}{\376\377\0004\000.\0001\0006\000.\0004\000.\0001\000\040\000E\000X\000I\000T\000\137\000R\000E\000Q\000U\000E\000S\000T}{subsection.4.16.4}% 220
\BOOKMARK [3][-]{subsubsection.4.16.4.2}{\376\377\0004\000.\0001\0006\000.\0004\000.\0002\000\040\000p\000a\000s\000s}{subsection.4.16.4}% 221
\BOOKMARK [3][-]{subsubsection.4.16.4.3}{\376\377\0004\000.\0001\0006\000.\0004\000.\0003\000\040\000S\000L\000E\000E\000P\000\137\000T\000I\000M\000E}{subsection.4.16.4}% 222
\BOOKMARK [3][-]{subsubsection.4.16.4.4}{\376\377\0004\000.\0001\0006\000.\0004\000.\0004\000\040\000u\000s\000e\000r}{subsection.4.16.4}% 223
\BOOKMARK [1][-]{section.4.17}{\376\377\0004\000.\0001\0007\000\040\000S\000i\000m\000p\000l\000e\000D\000i\000s\000p\000l\000a\000y\000\040\000C\000l\000a\000s\000s\000\040\000R\000e\000f\000e\000r\000e\000n\000c\000e}{chapter.4}% 224
\BOOKMARK [2][-]{subsection.4.17.1}{\376\377\0004\000.\0001\0007\000.\0001\000\040\000D\000e\000t\000a\000i\000l\000e\000d\000\040\000D\000e\000s\000c\000r\000i\000p\000t\000i\000o\000n}{section.4.17}% 225
\BOOKMARK [2][-]{subsection.4.17.2}{\376\377\0004\000.\0001\0007\000.\0002\000\040\000C\000o\000n\000s\000t\000r\000u\000c\000t\000o\000r\000\040\000\046\000\040\000D\000e\000s\000t\000r\000u\000c\000t\000o\000r\000\040\000D\000o\000c\000u\000m\000e\000n\000t\000a\000t\000i\000o\000n}{section.4.17}% 226
\BOOKMARK [3][-]{subsubsection.4.17.2.1}{\376\377\0004\000.\0001\0007\000.\0002\000.\0001\000\040\000S\000i\000m\000p\000l\000e\000D\000i\000s\000p\000l\000a\000y\000\050\000\051}{subsection.4.17.2}% 227
\BOOKMARK [2][-]{subsection.4.17.3}{\376\377\0004\000.\0001\0007\000.\0003\000\040\000M\000e\000m\000b\000e\000r\000\040\000F\000u\000n\000c\000t\000i\000o\000n\000\040\000D\000o\000c\000u\000m\000e\000n\000t\000a\000t\000i\000o\000n}{section.4.17}% 228
\BOOKMARK [3][-]{subsubsection.4.17.3.1}{\376\377\0004\000.\0001\0007\000.\0003\000.\0001\000\040\000c\000h\000e\000c\000k\000A\000b\000o\000r\000t\000S\000t\000a\000t\000u\000s\000\050\000\051}{subsection.4.17.3}% 229
\BOOKMARK [3][-]{subsubsection.4.17.3.2}{\376\377\0004\000.\0001\0007\000.\0003\000.\0002\000\040\000c\000l\000e\000a\000n\000D\000e\000v\000i\000\050\000\051}{subsection.4.17.3}% 230
\BOOKMARK [3][-]{subsubsection.4.17.3.3}{\376\377\0004\000.\0001\0007\000.\0003\000.\0003\000\040\000c\000o\000u\000t\000\050\000\051}{subsection.4.17.3}% 231
\BOOKMARK [3][-]{subsubsection.4.17.3.4}{\376\377\0004\000.\0001\0007\000.\0003\000.\0004\000\040\000d\000e\000v\000i\000C\000o\000u\000t\000\050\000\051}{subsection.4.17.3}% 232
\BOOKMARK [3][-]{subsubsection.4.17.3.5}{\376\377\0004\000.\0001\0007\000.\0003\000.\0005\000\040\000d\000e\000v\000i\000P\000r\000i\000n\000t\000D\000a\000t\000a\000\050\000\051}{subsection.4.17.3}% 233
\BOOKMARK [3][-]{subsubsection.4.17.3.6}{\376\377\0004\000.\0001\0007\000.\0003\000.\0006\000\040\000e\000x\000e\000c\000B\000u\000i\000l\000d\000F\000i\000n\000i\000s\000h\000\050\000\051}{subsection.4.17.3}% 234
\BOOKMARK [3][-]{subsubsection.4.17.3.7}{\376\377\0004\000.\0001\0007\000.\0003\000.\0007\000\040\000e\000x\000e\000c\000B\000u\000i\000l\000d\000G\000e\000n\000e\000r\000a\000t\000o\000r\000\050\000\051}{subsection.4.17.3}% 235
\BOOKMARK [3][-]{subsubsection.4.17.3.8}{\376\377\0004\000.\0001\0007\000.\0003\000.\0008\000\040\000e\000x\000e\000c\000B\000u\000i\000l\000d\000N\000a\000m\000e\000\050\000\051}{subsection.4.17.3}% 236
\BOOKMARK [3][-]{subsubsection.4.17.3.9}{\376\377\0004\000.\0001\0007\000.\0003\000.\0009\000\040\000e\000x\000e\000c\000B\000u\000i\000l\000d\000T\000y\000p\000e\000\050\000\051}{subsection.4.17.3}% 237
\BOOKMARK [3][-]{subsubsection.4.17.3.10}{\376\377\0004\000.\0001\0007\000.\0003\000.\0001\0000\000\040\000j\000u\000m\000p\000\050\000\051}{subsection.4.17.3}% 238
\BOOKMARK [3][-]{subsubsection.4.17.3.11}{\376\377\0004\000.\0001\0007\000.\0003\000.\0001\0001\000\040\000o\000p\000e\000r\000a\000t\000o\000r\000<\000<\000\050\000\051}{subsection.4.17.3}% 239
\BOOKMARK [3][-]{subsubsection.4.17.3.12}{\376\377\0004\000.\0001\0007\000.\0003\000.\0001\0002\000\040\000p\000r\000i\000n\000t\000A\000I\000I\000n\000t\000e\000r\000f\000a\000c\000e\000\050\000\051}{subsection.4.17.3}% 240
\BOOKMARK [3][-]{subsubsection.4.17.3.13}{\376\377\0004\000.\0001\0007\000.\0003\000.\0001\0003\000\040\000p\000r\000i\000n\000t\000C\000h\000e\000c\000k\000i\000n\000g\000\050\000\051}{subsection.4.17.3}% 241
\BOOKMARK [3][-]{subsubsection.4.17.3.14}{\376\377\0004\000.\0001\0007\000.\0003\000.\0001\0004\000\040\000p\000r\000i\000n\000t\000D\000e\000v\000i\000H\000e\000a\000d\000e\000r\000\050\000\051}{subsection.4.17.3}% 242
\BOOKMARK [3][-]{subsubsection.4.17.3.15}{\376\377\0004\000.\0001\0007\000.\0003\000.\0001\0005\000\040\000p\000r\000i\000n\000t\000D\000e\000v\000i\000H\000e\000l\000p\000\050\000\051}{subsection.4.17.3}% 243
\BOOKMARK [3][-]{subsubsection.4.17.3.16}{\376\377\0004\000.\0001\0007\000.\0003\000.\0001\0006\000\040\000p\000r\000i\000n\000t\000L\000o\000g\000i\000n\000I\000n\000t\000e\000r\000f\000a\000c\000e\000\050\000\051}{subsection.4.17.3}% 244
\BOOKMARK [3][-]{subsubsection.4.17.3.17}{\376\377\0004\000.\0001\0007\000.\0003\000.\0001\0007\000\040\000p\000r\000i\000n\000t\000M\000a\000i\000n\000I\000n\000t\000e\000r\000f\000a\000c\000e\000\050\000\051}{subsection.4.17.3}% 245
\BOOKMARK [3][-]{subsubsection.4.17.3.18}{\376\377\0004\000.\0001\0007\000.\0003\000.\0001\0008\000\040\000p\000r\000i\000n\000t\000P\000r\000e\000s\000e\000n\000t\000a\000t\000i\000o\000n\000\050\000\051}{subsection.4.17.3}% 246
\BOOKMARK [3][-]{subsubsection.4.17.3.19}{\376\377\0004\000.\0001\0007\000.\0003\000.\0001\0009\000\040\000p\000r\000i\000n\000t\000R\000e\000q\000u\000e\000s\000t\000P\000a\000s\000s\000w\000o\000r\000d\000\050\000\051}{subsection.4.17.3}% 247
\BOOKMARK [3][-]{subsubsection.4.17.3.20}{\376\377\0004\000.\0001\0007\000.\0003\000.\0002\0000\000\040\000p\000r\000i\000n\000t\000S\000k\000i\000l\000l\000M\000a\000n\000u\000a\000l\000\050\000\051}{subsection.4.17.3}% 248
\BOOKMARK [3][-]{subsubsection.4.17.3.21}{\376\377\0004\000.\0001\0007\000.\0003\000.\0002\0001\000\040\000s\000e\000t\000D\000a\000t\000a\000D\000e\000v\000i\000c\000e\000s\000\050\000\051}{subsection.4.17.3}% 249
\BOOKMARK [3][-]{subsubsection.4.17.3.22}{\376\377\0004\000.\0001\0007\000.\0003\000.\0002\0002\000\040\000s\000e\000t\000G\000r\000o\000u\000p\000\050\000\051}{subsection.4.17.3}% 250
\BOOKMARK [3][-]{subsubsection.4.17.3.23}{\376\377\0004\000.\0001\0007\000.\0003\000.\0002\0003\000\040\000s\000e\000t\000K\000e\000r\000n\000e\000l\000D\000e\000v\000i\000c\000e\000s\000\050\000\051}{subsection.4.17.3}% 251
\BOOKMARK [3][-]{subsubsection.4.17.3.24}{\376\377\0004\000.\0001\0007\000.\0003\000.\0002\0004\000\040\000s\000e\000t\000S\000e\000c\000u\000r\000i\000t\000y\000C\000o\000n\000n\000e\000c\000t\000e\000d\000\050\000\051}{subsection.4.17.3}% 252
\BOOKMARK [3][-]{subsubsection.4.17.3.25}{\376\377\0004\000.\0001\0007\000.\0003\000.\0002\0005\000\040\000s\000e\000t\000S\000e\000c\000u\000r\000i\000t\000y\000S\000t\000a\000t\000u\000s\000\050\000\051}{subsection.4.17.3}% 253
\BOOKMARK [3][-]{subsubsection.4.17.3.26}{\376\377\0004\000.\0001\0007\000.\0003\000.\0002\0006\000\040\000s\000e\000t\000U\000s\000e\000r\000\050\000\051}{subsection.4.17.3}% 254
\BOOKMARK [2][-]{subsection.4.17.4}{\376\377\0004\000.\0001\0007\000.\0004\000\040\000M\000e\000m\000b\000e\000r\000\040\000D\000a\000t\000a\000\040\000D\000o\000c\000u\000m\000e\000n\000t\000a\000t\000i\000o\000n}{section.4.17}% 255
\BOOKMARK [3][-]{subsubsection.4.17.4.1}{\376\377\0004\000.\0001\0007\000.\0004\000.\0001\000\040\000C\000O\000L\000O\000R}{subsection.4.17.4}% 256
\BOOKMARK [3][-]{subsubsection.4.17.4.2}{\376\377\0004\000.\0001\0007\000.\0004\000.\0002\000\040\000c\000u\000r\000r\000e\000n\000t\000D\000i\000s\000p\000l\000a\000y}{subsection.4.17.4}% 257
\BOOKMARK [3][-]{subsubsection.4.17.4.3}{\376\377\0004\000.\0001\0007\000.\0004\000.\0003\000\040\000d\000a\000t\000a\000D\000e\000v\000i\000c\000e\000s}{subsection.4.17.4}% 258
\BOOKMARK [3][-]{subsubsection.4.17.4.4}{\376\377\0004\000.\0001\0007\000.\0004\000.\0004\000\040\000G\000R\000E\000Y\000\137\000C\000O\000L\000O\000R}{subsection.4.17.4}% 259
\BOOKMARK [3][-]{subsubsection.4.17.4.5}{\376\377\0004\000.\0001\0007\000.\0004\000.\0005\000\040\000g\000r\000o\000u\000p}{subsection.4.17.4}% 260
\BOOKMARK [3][-]{subsubsection.4.17.4.6}{\376\377\0004\000.\0001\0007\000.\0004\000.\0006\000\040\000k\000e\000r\000n\000e\000l\000D\000e\000v\000i\000c\000e\000s}{subsection.4.17.4}% 261
\BOOKMARK [3][-]{subsubsection.4.17.4.7}{\376\377\0004\000.\0001\0007\000.\0004\000.\0007\000\040\000M\000A\000X\000I\000M\000U\000M\000\137\000O\000P\000T\000I\000O\000N\000S}{subsection.4.17.4}% 262
\BOOKMARK [3][-]{subsubsection.4.17.4.8}{\376\377\0004\000.\0001\0007\000.\0004\000.\0008\000\040\000R\000E\000S\000E\000T\000\137\000C\000O\000L\000O\000R}{subsection.4.17.4}% 263
\BOOKMARK [3][-]{subsubsection.4.17.4.9}{\376\377\0004\000.\0001\0007\000.\0004\000.\0009\000\040\000s\000e\000c\000u\000r\000i\000t\000y\000\137\000a\000b\000o\000r\000t}{subsection.4.17.4}% 264
\BOOKMARK [3][-]{subsubsection.4.17.4.10}{\376\377\0004\000.\0001\0007\000.\0004\000.\0001\0000\000\040\000s\000e\000c\000u\000r\000i\000t\000y\000C\000o\000n\000n\000e\000c\000t\000e\000d}{subsection.4.17.4}% 265
\BOOKMARK [3][-]{subsubsection.4.17.4.11}{\376\377\0004\000.\0001\0007\000.\0004\000.\0001\0001\000\040\000s\000e\000c\000u\000r\000i\000t\000y\000S\000t\000a\000t\000u\000s}{subsection.4.17.4}% 266
\BOOKMARK [3][-]{subsubsection.4.17.4.12}{\376\377\0004\000.\0001\0007\000.\0004\000.\0001\0002\000\040\000u\000s\000e\000r}{subsection.4.17.4}% 267
\BOOKMARK [3][-]{subsubsection.4.17.4.13}{\376\377\0004\000.\0001\0007\000.\0004\000.\0001\0003\000\040\000W\000A\000R\000N\000I\000N\000G\000\137\000C\000O\000L\000O\000R}{subsection.4.17.4}% 268
\BOOKMARK [1][-]{section.4.18}{\376\377\0004\000.\0001\0008\000\040\000U\000s\000e\000r\000\040\000C\000l\000a\000s\000s\000\040\000R\000e\000f\000e\000r\000e\000n\000c\000e}{chapter.4}% 269
\BOOKMARK [2][-]{subsection.4.18.1}{\376\377\0004\000.\0001\0008\000.\0001\000\040\000D\000e\000t\000a\000i\000l\000e\000d\000\040\000D\000e\000s\000c\000r\000i\000p\000t\000i\000o\000n}{section.4.18}% 270
\BOOKMARK [2][-]{subsection.4.18.2}{\376\377\0004\000.\0001\0008\000.\0002\000\040\000M\000e\000m\000b\000e\000r\000\040\000E\000n\000u\000m\000e\000r\000a\000t\000i\000o\000n\000\040\000D\000o\000c\000u\000m\000e\000n\000t\000a\000t\000i\000o\000n}{section.4.18}% 271
\BOOKMARK [3][-]{subsubsection.4.18.2.1}{\376\377\0004\000.\0001\0008\000.\0002\000.\0001\000\040\000a\000n\000o\000n\000y\000m\000o\000u\000s\000\040\000e\000n\000u\000m}{subsection.4.18.2}% 272
\BOOKMARK [2][-]{subsection.4.18.3}{\376\377\0004\000.\0001\0008\000.\0003\000\040\000C\000o\000n\000s\000t\000r\000u\000c\000t\000o\000r\000\040\000\046\000\040\000D\000e\000s\000t\000r\000u\000c\000t\000o\000r\000\040\000D\000o\000c\000u\000m\000e\000n\000t\000a\000t\000i\000o\000n}{section.4.18}% 273
\BOOKMARK [3][-]{subsubsection.4.18.3.1}{\376\377\0004\000.\0001\0008\000.\0003\000.\0001\000\040\000U\000s\000e\000r\000\050\000\051\000\040\000[\0001\000/\0002\000]}{subsection.4.18.3}% 274
\BOOKMARK [3][-]{subsubsection.4.18.3.2}{\376\377\0004\000.\0001\0008\000.\0003\000.\0002\000\040\000U\000s\000e\000r\000\050\000\051\000\040\000[\0002\000/\0002\000]}{subsection.4.18.3}% 275
\BOOKMARK [2][-]{subsection.4.18.4}{\376\377\0004\000.\0001\0008\000.\0004\000\040\000M\000e\000m\000b\000e\000r\000\040\000F\000u\000n\000c\000t\000i\000o\000n\000\040\000D\000o\000c\000u\000m\000e\000n\000t\000a\000t\000i\000o\000n}{section.4.18}% 276
\BOOKMARK [3][-]{subsubsection.4.18.4.1}{\376\377\0004\000.\0001\0008\000.\0004\000.\0001\000\040\000a\000d\000d\000U\000s\000e\000r\000\050\000\051}{subsection.4.18.4}% 277
\BOOKMARK [3][-]{subsubsection.4.18.4.2}{\376\377\0004\000.\0001\0008\000.\0004\000.\0002\000\040\000c\000h\000e\000c\000k\000\050\000\051}{subsection.4.18.4}% 278
\BOOKMARK [3][-]{subsubsection.4.18.4.3}{\376\377\0004\000.\0001\0008\000.\0004\000.\0003\000\040\000f\000i\000n\000d\000\050\000\051}{subsection.4.18.4}% 279
\BOOKMARK [3][-]{subsubsection.4.18.4.4}{\376\377\0004\000.\0001\0008\000.\0004\000.\0004\000\040\000g\000e\000t\000A\000d\000m\000i\000n\000S\000t\000a\000t\000u\000s\000\050\000\051}{subsection.4.18.4}% 280
\BOOKMARK [3][-]{subsubsection.4.18.4.5}{\376\377\0004\000.\0001\0008\000.\0004\000.\0005\000\040\000g\000e\000t\000U\000s\000e\000r\000\050\000\051}{subsection.4.18.4}% 281
\BOOKMARK [3][-]{subsubsection.4.18.4.6}{\376\377\0004\000.\0001\0008\000.\0004\000.\0006\000\040\000p\000r\000i\000n\000t\000U\000s\000e\000r\000s\000\050\000\051}{subsection.4.18.4}% 282
\BOOKMARK [3][-]{subsubsection.4.18.4.7}{\376\377\0004\000.\0001\0008\000.\0004\000.\0007\000\040\000r\000m\000U\000s\000e\000r\000\050\000\051}{subsection.4.18.4}% 283
\BOOKMARK [3][-]{subsubsection.4.18.4.8}{\376\377\0004\000.\0001\0008\000.\0004\000.\0008\000\040\000s\000a\000v\000e\000U\000s\000e\000r\000D\000a\000t\000a\000\050\000\051}{subsection.4.18.4}% 284
\BOOKMARK [3][-]{subsubsection.4.18.4.9}{\376\377\0004\000.\0001\0008\000.\0004\000.\0009\000\040\000u\000p\000d\000a\000t\000e\000U\000s\000e\000r\000D\000a\000t\000a\000\050\000\051}{subsection.4.18.4}% 285
\BOOKMARK [2][-]{subsection.4.18.5}{\376\377\0004\000.\0001\0008\000.\0005\000\040\000M\000e\000m\000b\000e\000r\000\040\000D\000a\000t\000a\000\040\000D\000o\000c\000u\000m\000e\000n\000t\000a\000t\000i\000o\000n}{section.4.18}% 286
\BOOKMARK [3][-]{subsubsection.4.18.5.1}{\376\377\0004\000.\0001\0008\000.\0005\000.\0001\000\040\000a\000l\000l\000U\000s\000e\000r\000s}{subsection.4.18.5}% 287
\BOOKMARK [3][-]{subsubsection.4.18.5.2}{\376\377\0004\000.\0001\0008\000.\0005\000.\0002\000\040\000D\000A\000T\000A\000F\000I\000L\000E}{subsection.4.18.5}% 288
\BOOKMARK [3][-]{subsubsection.4.18.5.3}{\376\377\0004\000.\0001\0008\000.\0005\000.\0003\000\040\000i\000d}{subsection.4.18.5}% 289
\BOOKMARK [3][-]{subsubsection.4.18.5.4}{\376\377\0004\000.\0001\0008\000.\0005\000.\0004\000\040\000i\000s\000A\000d\000m\000i\000n}{subsection.4.18.5}% 290
\BOOKMARK [3][-]{subsubsection.4.18.5.5}{\376\377\0004\000.\0001\0008\000.\0005\000.\0005\000\040\000p\000a\000s\000s}{subsection.4.18.5}% 291
\BOOKMARK [3][-]{subsubsection.4.18.5.6}{\376\377\0004\000.\0001\0008\000.\0005\000.\0006\000\040\000S\000E\000P\000A\000R\000A\000T\000O\000R}{subsection.4.18.5}% 292
\BOOKMARK [3][-]{subsubsection.4.18.5.7}{\376\377\0004\000.\0001\0008\000.\0005\000.\0007\000\040\000T\000A\000G}{subsection.4.18.5}% 293
\BOOKMARK [3][-]{subsubsection.4.18.5.8}{\376\377\0004\000.\0001\0008\000.\0005\000.\0008\000\040\000U\000S\000E\000R\000F\000I\000L\000E}{subsection.4.18.5}% 294
\BOOKMARK [1][-]{section.4.19}{\376\377\0004\000.\0001\0009\000\040\000U\000s\000e\000r\000N\000o\000t\000F\000o\000u\000n\000d\000E\000x\000c\000e\000p\000t\000i\000o\000n\000\040\000C\000l\000a\000s\000s\000\040\000R\000e\000f\000e\000r\000e\000n\000c\000e}{chapter.4}% 295
\BOOKMARK [2][-]{subsection.4.19.1}{\376\377\0004\000.\0001\0009\000.\0001\000\040\000D\000e\000t\000a\000i\000l\000e\000d\000\040\000D\000e\000s\000c\000r\000i\000p\000t\000i\000o\000n}{section.4.19}% 296
\BOOKMARK [2][-]{subsection.4.19.2}{\376\377\0004\000.\0001\0009\000.\0002\000\040\000C\000o\000n\000s\000t\000r\000u\000c\000t\000o\000r\000\040\000\046\000\040\000D\000e\000s\000t\000r\000u\000c\000t\000o\000r\000\040\000D\000o\000c\000u\000m\000e\000n\000t\000a\000t\000i\000o\000n}{section.4.19}% 297
\BOOKMARK [3][-]{subsubsection.4.19.2.1}{\376\377\0004\000.\0001\0009\000.\0002\000.\0001\000\040\000U\000s\000e\000r\000N\000o\000t\000F\000o\000u\000n\000d\000E\000x\000c\000e\000p\000t\000i\000o\000n\000\050\000\051}{subsection.4.19.2}% 298
\BOOKMARK [2][-]{subsection.4.19.3}{\376\377\0004\000.\0001\0009\000.\0003\000\040\000M\000e\000m\000b\000e\000r\000\040\000D\000a\000t\000a\000\040\000D\000o\000c\000u\000m\000e\000n\000t\000a\000t\000i\000o\000n}{section.4.19}% 299
\BOOKMARK [3][-]{subsubsection.4.19.3.1}{\376\377\0004\000.\0001\0009\000.\0003\000.\0001\000\040\000E\000R\000R\000O\000R\000\137\000M\000E\000S\000S\000A\000G\000E}{subsection.4.19.3}% 300
\BOOKMARK [0][-]{chapter.5}{\376\377\0005\000\040\000F\000i\000l\000e\000\040\000D\000o\000c\000u\000m\000e\000n\000t\000a\000t\000i\000o\000n}{}% 301
\BOOKMARK [1][-]{section.5.1}{\376\377\0005\000.\0001\000\040\000k\000b\000.\000c\000p\000p\000\040\000F\000i\000l\000e\000\040\000R\000e\000f\000e\000r\000e\000n\000c\000e}{chapter.5}% 302
\BOOKMARK [1][-]{section.5.2}{\376\377\0005\000.\0002\000\040\000k\000b\000.\000c\000p\000p}{chapter.5}% 303
\BOOKMARK [1][-]{section.5.3}{\376\377\0005\000.\0003\000\040\000k\000b\000.\000h\000\040\000F\000i\000l\000e\000\040\000R\000e\000f\000e\000r\000e\000n\000c\000e}{chapter.5}% 304
\BOOKMARK [1][-]{section.5.4}{\376\377\0005\000.\0004\000\040\000k\000b\000.\000h}{chapter.5}% 305
\BOOKMARK [1][-]{section.5.5}{\376\377\0005\000.\0005\000\040\000A\000d\000m\000i\000n\000.\000h\000\040\000F\000i\000l\000e\000\040\000R\000e\000f\000e\000r\000e\000n\000c\000e}{chapter.5}% 306
\BOOKMARK [2][-]{subsection.5.5.1}{\376\377\0005\000.\0005\000.\0001\000\040\000D\000e\000t\000a\000i\000l\000e\000d\000\040\000D\000e\000s\000c\000r\000i\000p\000t\000i\000o\000n}{section.5.5}% 307
\BOOKMARK [1][-]{section.5.6}{\376\377\0005\000.\0006\000\040\000A\000d\000m\000i\000n\000.\000h}{chapter.5}% 308
\BOOKMARK [1][-]{section.5.7}{\376\377\0005\000.\0007\000\040\000A\000I\000.\000h\000\040\000F\000i\000l\000e\000\040\000R\000e\000f\000e\000r\000e\000n\000c\000e}{chapter.5}% 309
\BOOKMARK [2][-]{subsection.5.7.1}{\376\377\0005\000.\0007\000.\0001\000\040\000D\000e\000t\000a\000i\000l\000e\000d\000\040\000D\000e\000s\000c\000r\000i\000p\000t\000i\000o\000n}{section.5.7}% 310
\BOOKMARK [1][-]{section.5.8}{\376\377\0005\000.\0008\000\040\000A\000I\000.\000h}{chapter.5}% 311
\BOOKMARK [1][-]{section.5.9}{\376\377\0005\000.\0009\000\040\000D\000a\000t\000a\000D\000e\000v\000i\000c\000e\000.\000h\000\040\000F\000i\000l\000e\000\040\000R\000e\000f\000e\000r\000e\000n\000c\000e}{chapter.5}% 312
\BOOKMARK [2][-]{subsection.5.9.1}{\376\377\0005\000.\0009\000.\0001\000\040\000D\000e\000t\000a\000i\000l\000e\000d\000\040\000D\000e\000s\000c\000r\000i\000p\000t\000i\000o\000n}{section.5.9}% 313
\BOOKMARK [1][-]{section.5.10}{\376\377\0005\000.\0001\0000\000\040\000D\000a\000t\000a\000D\000e\000v\000i\000c\000e\000.\000h}{chapter.5}% 314
\BOOKMARK [1][-]{section.5.11}{\376\377\0005\000.\0001\0001\000\040\000D\000e\000v\000i\000c\000e\000.\000h\000\040\000F\000i\000l\000e\000\040\000R\000e\000f\000e\000r\000e\000n\000c\000e}{chapter.5}% 315
\BOOKMARK [2][-]{subsection.5.11.1}{\376\377\0005\000.\0001\0001\000.\0001\000\040\000D\000e\000t\000a\000i\000l\000e\000d\000\040\000D\000e\000s\000c\000r\000i\000p\000t\000i\000o\000n}{section.5.11}% 316
\BOOKMARK [1][-]{section.5.12}{\376\377\0005\000.\0001\0002\000\040\000D\000e\000v\000i\000c\000e\000.\000h}{chapter.5}% 317
\BOOKMARK [1][-]{section.5.13}{\376\377\0005\000.\0001\0003\000\040\000D\000e\000v\000i\000c\000e\000B\000u\000i\000l\000d\000e\000r\000.\000h\000\040\000F\000i\000l\000e\000\040\000R\000e\000f\000e\000r\000e\000n\000c\000e}{chapter.5}% 318
\BOOKMARK [2][-]{subsection.5.13.1}{\376\377\0005\000.\0001\0003\000.\0001\000\040\000D\000e\000t\000a\000i\000l\000e\000d\000\040\000D\000e\000s\000c\000r\000i\000p\000t\000i\000o\000n}{section.5.13}% 319
\BOOKMARK [1][-]{section.5.14}{\376\377\0005\000.\0001\0004\000\040\000D\000e\000v\000i\000c\000e\000B\000u\000i\000l\000d\000e\000r\000.\000h}{chapter.5}% 320
\BOOKMARK [1][-]{section.5.15}{\376\377\0005\000.\0001\0005\000\040\000B\000a\000s\000e\000E\000x\000c\000e\000p\000t\000i\000o\000n\000.\000h\000\040\000F\000i\000l\000e\000\040\000R\000e\000f\000e\000r\000e\000n\000c\000e}{chapter.5}% 321
\BOOKMARK [2][-]{subsection.5.15.1}{\376\377\0005\000.\0001\0005\000.\0001\000\040\000D\000e\000t\000a\000i\000l\000e\000d\000\040\000D\000e\000s\000c\000r\000i\000p\000t\000i\000o\000n}{section.5.15}% 322
\BOOKMARK [1][-]{section.5.16}{\376\377\0005\000.\0001\0006\000\040\000B\000a\000s\000e\000E\000x\000c\000e\000p\000t\000i\000o\000n\000.\000h}{chapter.5}% 323
\BOOKMARK [1][-]{section.5.17}{\376\377\0005\000.\0001\0007\000\040\000I\000n\000s\000u\000f\000f\000i\000c\000i\000e\000n\000t\000P\000e\000r\000m\000i\000s\000s\000i\000o\000n\000s\000E\000x\000c\000e\000p\000t\000i\000o\000n\000.\000h\000\040\000F\000i\000l\000e\000\040\000R\000e\000f\000e\000r\000e\000n\000c\000e}{chapter.5}% 324
\BOOKMARK [1][-]{section.5.18}{\376\377\0005\000.\0001\0008\000\040\000I\000n\000s\000u\000f\000f\000i\000c\000i\000e\000n\000t\000P\000e\000r\000m\000i\000s\000s\000i\000o\000n\000s\000E\000x\000c\000e\000p\000t\000i\000o\000n\000.\000h}{chapter.5}% 325
\BOOKMARK [1][-]{section.5.19}{\376\377\0005\000.\0001\0009\000\040\000I\000n\000v\000a\000l\000i\000d\000D\000e\000v\000i\000c\000e\000E\000x\000c\000e\000p\000t\000i\000o\000n\000.\000h\000\040\000F\000i\000l\000e\000\040\000R\000e\000f\000e\000r\000e\000n\000c\000e}{chapter.5}% 326
\BOOKMARK [2][-]{subsection.5.19.1}{\376\377\0005\000.\0001\0009\000.\0001\000\040\000D\000e\000t\000a\000i\000l\000e\000d\000\040\000D\000e\000s\000c\000r\000i\000p\000t\000i\000o\000n}{section.5.19}% 327
\BOOKMARK [1][-]{section.5.20}{\376\377\0005\000.\0002\0000\000\040\000I\000n\000v\000a\000l\000i\000d\000D\000e\000v\000i\000c\000e\000E\000x\000c\000e\000p\000t\000i\000o\000n\000.\000h}{chapter.5}% 328
\BOOKMARK [1][-]{section.5.21}{\376\377\0005\000.\0002\0001\000\040\000I\000n\000v\000a\000l\000i\000d\000F\000i\000l\000e\000E\000x\000c\000e\000p\000t\000i\000o\000n\000.\000h\000\040\000F\000i\000l\000e\000\040\000R\000e\000f\000e\000r\000e\000n\000c\000e}{chapter.5}% 329
\BOOKMARK [2][-]{subsection.5.21.1}{\376\377\0005\000.\0002\0001\000.\0001\000\040\000D\000e\000t\000a\000i\000l\000e\000d\000\040\000D\000e\000s\000c\000r\000i\000p\000t\000i\000o\000n}{section.5.21}% 330
\BOOKMARK [1][-]{section.5.22}{\376\377\0005\000.\0002\0002\000\040\000I\000n\000v\000a\000l\000i\000d\000F\000i\000l\000e\000E\000x\000c\000e\000p\000t\000i\000o\000n\000.\000h}{chapter.5}% 331
\BOOKMARK [1][-]{section.5.23}{\376\377\0005\000.\0002\0003\000\040\000I\000n\000v\000a\000l\000i\000d\000S\000k\000i\000l\000l\000E\000x\000c\000e\000p\000t\000i\000o\000n\000.\000h\000\040\000F\000i\000l\000e\000\040\000R\000e\000f\000e\000r\000e\000n\000c\000e}{chapter.5}% 332
\BOOKMARK [2][-]{subsection.5.23.1}{\376\377\0005\000.\0002\0003\000.\0001\000\040\000D\000e\000t\000a\000i\000l\000e\000d\000\040\000D\000e\000s\000c\000r\000i\000p\000t\000i\000o\000n}{section.5.23}% 333
\BOOKMARK [1][-]{section.5.24}{\376\377\0005\000.\0002\0004\000\040\000I\000n\000v\000a\000l\000i\000d\000S\000k\000i\000l\000l\000E\000x\000c\000e\000p\000t\000i\000o\000n\000.\000h}{chapter.5}% 334
\BOOKMARK [1][-]{section.5.25}{\376\377\0005\000.\0002\0005\000\040\000I\000n\000v\000a\000l\000i\000d\000U\000s\000e\000r\000E\000x\000c\000e\000p\000t\000i\000o\000n\000.\000h\000\040\000F\000i\000l\000e\000\040\000R\000e\000f\000e\000r\000e\000n\000c\000e}{chapter.5}% 335
\BOOKMARK [2][-]{subsection.5.25.1}{\376\377\0005\000.\0002\0005\000.\0001\000\040\000D\000e\000t\000a\000i\000l\000e\000d\000\040\000D\000e\000s\000c\000r\000i\000p\000t\000i\000o\000n}{section.5.25}% 336
\BOOKMARK [1][-]{section.5.26}{\376\377\0005\000.\0002\0006\000\040\000I\000n\000v\000a\000l\000i\000d\000U\000s\000e\000r\000E\000x\000c\000e\000p\000t\000i\000o\000n\000.\000h}{chapter.5}% 337
\BOOKMARK [1][-]{section.5.27}{\376\377\0005\000.\0002\0007\000\040\000U\000s\000e\000r\000N\000o\000t\000F\000o\000u\000n\000d\000E\000x\000c\000e\000p\000t\000i\000o\000n\000.\000h\000\040\000F\000i\000l\000e\000\040\000R\000e\000f\000e\000r\000e\000n\000c\000e}{chapter.5}% 338
\BOOKMARK [2][-]{subsection.5.27.1}{\376\377\0005\000.\0002\0007\000.\0001\000\040\000D\000e\000t\000a\000i\000l\000e\000d\000\040\000D\000e\000s\000c\000r\000i\000p\000t\000i\000o\000n}{section.5.27}% 339
\BOOKMARK [1][-]{section.5.28}{\376\377\0005\000.\0002\0008\000\040\000U\000s\000e\000r\000N\000o\000t\000F\000o\000u\000n\000d\000E\000x\000c\000e\000p\000t\000i\000o\000n\000.\000h}{chapter.5}% 340
\BOOKMARK [1][-]{section.5.29}{\376\377\0005\000.\0002\0009\000\040\000e\000x\000c\000e\000p\000t\000i\000o\000n\000s\000L\000i\000b\000.\000h\000\040\000F\000i\000l\000e\000\040\000R\000e\000f\000e\000r\000e\000n\000c\000e}{chapter.5}% 341
\BOOKMARK [2][-]{subsection.5.29.1}{\376\377\0005\000.\0002\0009\000.\0001\000\040\000D\000e\000t\000a\000i\000l\000e\000d\000\040\000D\000e\000s\000c\000r\000i\000p\000t\000i\000o\000n}{section.5.29}% 342
\BOOKMARK [1][-]{section.5.30}{\376\377\0005\000.\0003\0000\000\040\000e\000x\000c\000e\000p\000t\000i\000o\000n\000s\000L\000i\000b\000.\000h}{chapter.5}% 343
\BOOKMARK [1][-]{section.5.31}{\376\377\0005\000.\0003\0001\000\040\000I\000O\000D\000i\000.\000h\000\040\000F\000i\000l\000e\000\040\000R\000e\000f\000e\000r\000e\000n\000c\000e}{chapter.5}% 344
\BOOKMARK [2][-]{subsection.5.31.1}{\376\377\0005\000.\0003\0001\000.\0001\000\040\000D\000e\000t\000a\000i\000l\000e\000d\000\040\000D\000e\000s\000c\000r\000i\000p\000t\000i\000o\000n}{section.5.31}% 345
\BOOKMARK [1][-]{section.5.32}{\376\377\0005\000.\0003\0002\000\040\000I\000O\000D\000i\000.\000h}{chapter.5}% 346
\BOOKMARK [1][-]{section.5.33}{\376\377\0005\000.\0003\0003\000\040\000K\000e\000r\000n\000e\000l\000D\000e\000v\000i\000c\000e\000.\000h\000\040\000F\000i\000l\000e\000\040\000R\000e\000f\000e\000r\000e\000n\000c\000e}{chapter.5}% 347
\BOOKMARK [2][-]{subsection.5.33.1}{\376\377\0005\000.\0003\0003\000.\0001\000\040\000D\000e\000t\000a\000i\000l\000e\000d\000\040\000D\000e\000s\000c\000r\000i\000p\000t\000i\000o\000n}{section.5.33}% 348
\BOOKMARK [1][-]{section.5.34}{\376\377\0005\000.\0003\0004\000\040\000K\000e\000r\000n\000e\000l\000D\000e\000v\000i\000c\000e\000.\000h}{chapter.5}% 349
\BOOKMARK [1][-]{section.5.35}{\376\377\0005\000.\0003\0005\000\040\000l\000i\000b\000.\000h\000\040\000F\000i\000l\000e\000\040\000R\000e\000f\000e\000r\000e\000n\000c\000e}{chapter.5}% 350
\BOOKMARK [2][-]{subsection.5.35.1}{\376\377\0005\000.\0003\0005\000.\0001\000\040\000D\000e\000t\000a\000i\000l\000e\000d\000\040\000D\000e\000s\000c\000r\000i\000p\000t\000i\000o\000n}{section.5.35}% 351
\BOOKMARK [1][-]{section.5.36}{\376\377\0005\000.\0003\0006\000\040\000l\000i\000b\000.\000h}{chapter.5}% 352
\BOOKMARK [1][-]{section.5.37}{\376\377\0005\000.\0003\0007\000\040\000L\000o\000g\000i\000n\000.\000h\000\040\000F\000i\000l\000e\000\040\000R\000e\000f\000e\000r\000e\000n\000c\000e}{chapter.5}% 353
\BOOKMARK [2][-]{subsection.5.37.1}{\376\377\0005\000.\0003\0007\000.\0001\000\040\000D\000e\000t\000a\000i\000l\000e\000d\000\040\000D\000e\000s\000c\000r\000i\000p\000t\000i\000o\000n}{section.5.37}% 354
\BOOKMARK [1][-]{section.5.38}{\376\377\0005\000.\0003\0008\000\040\000L\000o\000g\000i\000n\000.\000h}{chapter.5}% 355
\BOOKMARK [1][-]{section.5.39}{\376\377\0005\000.\0003\0009\000\040\000S\000i\000m\000p\000l\000e\000D\000i\000s\000p\000l\000a\000y\000.\000h\000\040\000F\000i\000l\000e\000\040\000R\000e\000f\000e\000r\000e\000n\000c\000e}{chapter.5}% 356
\BOOKMARK [2][-]{subsection.5.39.1}{\376\377\0005\000.\0003\0009\000.\0001\000\040\000D\000e\000t\000a\000i\000l\000e\000d\000\040\000D\000e\000s\000c\000r\000i\000p\000t\000i\000o\000n}{section.5.39}% 357
\BOOKMARK [1][-]{section.5.40}{\376\377\0005\000.\0004\0000\000\040\000S\000i\000m\000p\000l\000e\000D\000i\000s\000p\000l\000a\000y\000.\000h}{chapter.5}% 358
\BOOKMARK [1][-]{section.5.41}{\376\377\0005\000.\0004\0001\000\040\000U\000s\000e\000r\000.\000h\000\040\000F\000i\000l\000e\000\040\000R\000e\000f\000e\000r\000e\000n\000c\000e}{chapter.5}% 359
\BOOKMARK [2][-]{subsection.5.41.1}{\376\377\0005\000.\0004\0001\000.\0001\000\040\000D\000e\000t\000a\000i\000l\000e\000d\000\040\000D\000e\000s\000c\000r\000i\000p\000t\000i\000o\000n}{section.5.41}% 360
\BOOKMARK [1][-]{section.5.42}{\376\377\0005\000.\0004\0002\000\040\000U\000s\000e\000r\000.\000h}{chapter.5}% 361
\BOOKMARK [1][-]{section.5.43}{\376\377\0005\000.\0004\0003\000\040\000A\000d\000m\000i\000n\000.\000c\000p\000p\000\040\000F\000i\000l\000e\000\040\000R\000e\000f\000e\000r\000e\000n\000c\000e}{chapter.5}% 362
\BOOKMARK [1][-]{section.5.44}{\376\377\0005\000.\0004\0004\000\040\000A\000d\000m\000i\000n\000.\000c\000p\000p}{chapter.5}% 363
\BOOKMARK [1][-]{section.5.45}{\376\377\0005\000.\0004\0005\000\040\000A\000I\000.\000c\000p\000p\000\040\000F\000i\000l\000e\000\040\000R\000e\000f\000e\000r\000e\000n\000c\000e}{chapter.5}% 364
\BOOKMARK [2][-]{subsection.5.45.1}{\376\377\0005\000.\0004\0005\000.\0001\000\040\000D\000e\000t\000a\000i\000l\000e\000d\000\040\000D\000e\000s\000c\000r\000i\000p\000t\000i\000o\000n}{section.5.45}% 365
\BOOKMARK [1][-]{section.5.46}{\376\377\0005\000.\0004\0006\000\040\000A\000I\000.\000c\000p\000p}{chapter.5}% 366
\BOOKMARK [1][-]{section.5.47}{\376\377\0005\000.\0004\0007\000\040\000B\000a\000s\000e\000E\000x\000c\000e\000p\000t\000i\000o\000n\000.\000c\000p\000p\000\040\000F\000i\000l\000e\000\040\000R\000e\000f\000e\000r\000e\000n\000c\000e}{chapter.5}% 367
\BOOKMARK [1][-]{section.5.48}{\376\377\0005\000.\0004\0008\000\040\000B\000a\000s\000e\000E\000x\000c\000e\000p\000t\000i\000o\000n\000.\000c\000p\000p}{chapter.5}% 368
\BOOKMARK [1][-]{section.5.49}{\376\377\0005\000.\0004\0009\000\040\000D\000a\000t\000a\000D\000e\000v\000i\000c\000e\000.\000c\000p\000p\000\040\000F\000i\000l\000e\000\040\000R\000e\000f\000e\000r\000e\000n\000c\000e}{chapter.5}% 369
\BOOKMARK [2][-]{subsection.5.49.1}{\376\377\0005\000.\0004\0009\000.\0001\000\040\000D\000e\000t\000a\000i\000l\000e\000d\000\040\000D\000e\000s\000c\000r\000i\000p\000t\000i\000o\000n}{section.5.49}% 370
\BOOKMARK [1][-]{section.5.50}{\376\377\0005\000.\0005\0000\000\040\000D\000a\000t\000a\000D\000e\000v\000i\000c\000e\000.\000c\000p\000p}{chapter.5}% 371
\BOOKMARK [1][-]{section.5.51}{\376\377\0005\000.\0005\0001\000\040\000D\000e\000v\000i\000c\000e\000.\000c\000p\000p\000\040\000F\000i\000l\000e\000\040\000R\000e\000f\000e\000r\000e\000n\000c\000e}{chapter.5}% 372
\BOOKMARK [2][-]{subsection.5.51.1}{\376\377\0005\000.\0005\0001\000.\0001\000\040\000D\000e\000t\000a\000i\000l\000e\000d\000\040\000D\000e\000s\000c\000r\000i\000p\000t\000i\000o\000n}{section.5.51}% 373
\BOOKMARK [1][-]{section.5.52}{\376\377\0005\000.\0005\0002\000\040\000D\000e\000v\000i\000c\000e\000.\000c\000p\000p}{chapter.5}% 374
\BOOKMARK [1][-]{section.5.53}{\376\377\0005\000.\0005\0003\000\040\000D\000e\000v\000i\000c\000e\000B\000u\000i\000l\000d\000e\000r\000.\000c\000p\000p\000\040\000F\000i\000l\000e\000\040\000R\000e\000f\000e\000r\000e\000n\000c\000e}{chapter.5}% 375
\BOOKMARK [2][-]{subsection.5.53.1}{\376\377\0005\000.\0005\0003\000.\0001\000\040\000D\000e\000t\000a\000i\000l\000e\000d\000\040\000D\000e\000s\000c\000r\000i\000p\000t\000i\000o\000n}{section.5.53}% 376
\BOOKMARK [1][-]{section.5.54}{\376\377\0005\000.\0005\0004\000\040\000D\000e\000v\000i\000c\000e\000B\000u\000i\000l\000d\000e\000r\000.\000c\000p\000p}{chapter.5}% 377
\BOOKMARK [1][-]{section.5.55}{\376\377\0005\000.\0005\0005\000\040\000d\000e\000v\000i\000c\000e\000D\000a\000t\000a\000s\000e\000t\000.\000c\000p\000p\000\040\000F\000i\000l\000e\000\040\000R\000e\000f\000e\000r\000e\000n\000c\000e}{chapter.5}% 378
\BOOKMARK [2][-]{subsection.5.55.1}{\376\377\0005\000.\0005\0005\000.\0001\000\040\000M\000a\000c\000r\000o\000\040\000D\000e\000f\000i\000n\000i\000t\000i\000o\000n\000\040\000D\000o\000c\000u\000m\000e\000n\000t\000a\000t\000i\000o\000n}{section.5.55}% 379
\BOOKMARK [3][-]{subsubsection.5.55.1.1}{\376\377\0005\000.\0005\0005\000.\0001\000.\0001\000\040\000D\000E\000V\000I\000C\000E\000\137\000D\000A\000T\000A\000S\000E\000T}{subsection.5.55.1}% 380
\BOOKMARK [1][-]{section.5.56}{\376\377\0005\000.\0005\0006\000\040\000d\000e\000v\000i\000c\000e\000D\000a\000t\000a\000s\000e\000t\000.\000c\000p\000p}{chapter.5}% 381
\BOOKMARK [1][-]{section.5.57}{\376\377\0005\000.\0005\0007\000\040\000e\000x\000a\000m\000p\000l\000e\000S\000e\000c\000u\000r\000i\000t\000y\000D\000a\000t\000a\000s\000e\000t\000.\000c\000p\000p\000\040\000F\000i\000l\000e\000\040\000R\000e\000f\000e\000r\000e\000n\000c\000e}{chapter.5}% 382
\BOOKMARK [2][-]{subsection.5.57.1}{\376\377\0005\000.\0005\0007\000.\0001\000\040\000M\000a\000c\000r\000o\000\040\000D\000e\000f\000i\000n\000i\000t\000i\000o\000n\000\040\000D\000o\000c\000u\000m\000e\000n\000t\000a\000t\000i\000o\000n}{section.5.57}% 383
\BOOKMARK [3][-]{subsubsection.5.57.1.1}{\376\377\0005\000.\0005\0007\000.\0001\000.\0001\000\040\000E\000X\000A\000M\000P\000L\000E\000\137\000S\000E\000C\000U\000R\000I\000T\000Y}{subsection.5.57.1}% 384
\BOOKMARK [2][-]{subsection.5.57.2}{\376\377\0005\000.\0005\0007\000.\0002\000\040\000F\000u\000n\000c\000t\000i\000o\000n\000\040\000D\000o\000c\000u\000m\000e\000n\000t\000a\000t\000i\000o\000n}{section.5.57}% 385
\BOOKMARK [3][-]{subsubsection.5.57.2.1}{\376\377\0005\000.\0005\0007\000.\0002\000.\0001\000\040\000e\000x\000a\000m\000p\000l\000e\000T\000e\000s\000t\000\050\000\051}{subsection.5.57.2}% 386
\BOOKMARK [1][-]{section.5.58}{\376\377\0005\000.\0005\0008\000\040\000e\000x\000a\000m\000p\000l\000e\000S\000e\000c\000u\000r\000i\000t\000y\000D\000a\000t\000a\000s\000e\000t\000.\000c\000p\000p}{chapter.5}% 387
\BOOKMARK [1][-]{section.5.59}{\376\377\0005\000.\0005\0009\000\040\000e\000x\000a\000m\000p\000l\000e\000S\000k\000i\000l\000l\000s\000D\000a\000t\000a\000s\000e\000t\000.\000c\000p\000p\000\040\000F\000i\000l\000e\000\040\000R\000e\000f\000e\000r\000e\000n\000c\000e}{chapter.5}% 388
\BOOKMARK [2][-]{subsection.5.59.1}{\376\377\0005\000.\0005\0009\000.\0001\000\040\000M\000a\000c\000r\000o\000\040\000D\000e\000f\000i\000n\000i\000t\000i\000o\000n\000\040\000D\000o\000c\000u\000m\000e\000n\000t\000a\000t\000i\000o\000n}{section.5.59}% 389
\BOOKMARK [3][-]{subsubsection.5.59.1.1}{\376\377\0005\000.\0005\0009\000.\0001\000.\0001\000\040\000E\000X\000A\000M\000P\000L\000E\000\137\000S\000K\000I\000L\000L\000S}{subsection.5.59.1}% 390
\BOOKMARK [2][-]{subsection.5.59.2}{\376\377\0005\000.\0005\0009\000.\0002\000\040\000F\000u\000n\000c\000t\000i\000o\000n\000\040\000D\000o\000c\000u\000m\000e\000n\000t\000a\000t\000i\000o\000n}{section.5.59}% 391
\BOOKMARK [3][-]{subsubsection.5.59.2.1}{\376\377\0005\000.\0005\0009\000.\0002\000.\0001\000\040\000e\000x\000a\000m\000p\000l\000e\000S\000k\000i\000l\000l\0001\000\050\000\051}{subsection.5.59.2}% 392
\BOOKMARK [3][-]{subsubsection.5.59.2.2}{\376\377\0005\000.\0005\0009\000.\0002\000.\0002\000\040\000e\000x\000a\000m\000p\000l\000e\000S\000k\000i\000l\000l\0002\000\050\000\051}{subsection.5.59.2}% 393
\BOOKMARK [3][-]{subsubsection.5.59.2.3}{\376\377\0005\000.\0005\0009\000.\0002\000.\0003\000\040\000e\000x\000a\000m\000p\000l\000e\000S\000k\000i\000l\000l\0003\000\050\000\051}{subsection.5.59.2}% 394
\BOOKMARK [3][-]{subsubsection.5.59.2.4}{\376\377\0005\000.\0005\0009\000.\0002\000.\0004\000\040\000e\000x\000a\000m\000p\000l\000e\000S\000k\000i\000l\000l\0004\000\050\000\051}{subsection.5.59.2}% 395
\BOOKMARK [3][-]{subsubsection.5.59.2.5}{\376\377\0005\000.\0005\0009\000.\0002\000.\0005\000\040\000g\000e\000n\000e\000r\000a\000t\000e\000R\000a\000n\000d\000o\000m\000D\000a\000t\000a\000\050\000\051}{subsection.5.59.2}% 396
\BOOKMARK [1][-]{section.5.60}{\376\377\0005\000.\0006\0000\000\040\000e\000x\000a\000m\000p\000l\000e\000S\000k\000i\000l\000l\000s\000D\000a\000t\000a\000s\000e\000t\000.\000c\000p\000p}{chapter.5}% 397
\BOOKMARK [1][-]{section.5.61}{\376\377\0005\000.\0006\0001\000\040\000I\000n\000s\000u\000f\000f\000i\000c\000i\000e\000n\000t\000P\000e\000r\000m\000i\000s\000s\000i\000o\000n\000s\000E\000x\000c\000e\000p\000t\000i\000o\000n\000.\000c\000p\000p\000\040\000F\000i\000l\000e\000\040\000R\000e\000f\000e\000r\000e\000n\000c\000e}{chapter.5}% 398
\BOOKMARK [1][-]{section.5.62}{\376\377\0005\000.\0006\0002\000\040\000I\000n\000s\000u\000f\000f\000i\000c\000i\000e\000n\000t\000P\000e\000r\000m\000i\000s\000s\000i\000o\000n\000s\000E\000x\000c\000e\000p\000t\000i\000o\000n\000.\000c\000p\000p}{chapter.5}% 399
\BOOKMARK [1][-]{section.5.63}{\376\377\0005\000.\0006\0003\000\040\000I\000n\000v\000a\000l\000i\000d\000D\000e\000v\000i\000c\000e\000E\000x\000c\000e\000p\000t\000i\000o\000n\000.\000c\000p\000p\000\040\000F\000i\000l\000e\000\040\000R\000e\000f\000e\000r\000e\000n\000c\000e}{chapter.5}% 400
\BOOKMARK [1][-]{section.5.64}{\376\377\0005\000.\0006\0004\000\040\000I\000n\000v\000a\000l\000i\000d\000D\000e\000v\000i\000c\000e\000E\000x\000c\000e\000p\000t\000i\000o\000n\000.\000c\000p\000p}{chapter.5}% 401
\BOOKMARK [1][-]{section.5.65}{\376\377\0005\000.\0006\0005\000\040\000I\000n\000v\000a\000l\000i\000d\000F\000i\000l\000e\000E\000x\000c\000e\000p\000t\000i\000o\000n\000.\000c\000p\000p\000\040\000F\000i\000l\000e\000\040\000R\000e\000f\000e\000r\000e\000n\000c\000e}{chapter.5}% 402
\BOOKMARK [1][-]{section.5.66}{\376\377\0005\000.\0006\0006\000\040\000I\000n\000v\000a\000l\000i\000d\000F\000i\000l\000e\000E\000x\000c\000e\000p\000t\000i\000o\000n\000.\000c\000p\000p}{chapter.5}% 403
\BOOKMARK [1][-]{section.5.67}{\376\377\0005\000.\0006\0007\000\040\000I\000n\000v\000a\000l\000i\000d\000S\000k\000i\000l\000l\000E\000x\000c\000e\000p\000t\000i\000o\000n\000.\000c\000p\000p\000\040\000F\000i\000l\000e\000\040\000R\000e\000f\000e\000r\000e\000n\000c\000e}{chapter.5}% 404
\BOOKMARK [1][-]{section.5.68}{\376\377\0005\000.\0006\0008\000\040\000I\000n\000v\000a\000l\000i\000d\000S\000k\000i\000l\000l\000E\000x\000c\000e\000p\000t\000i\000o\000n\000.\000c\000p\000p}{chapter.5}% 405
\BOOKMARK [1][-]{section.5.69}{\376\377\0005\000.\0006\0009\000\040\000I\000n\000v\000a\000l\000i\000d\000U\000s\000e\000r\000E\000x\000c\000e\000p\000t\000i\000o\000n\000.\000c\000p\000p\000\040\000F\000i\000l\000e\000\040\000R\000e\000f\000e\000r\000e\000n\000c\000e}{chapter.5}% 406
\BOOKMARK [1][-]{section.5.70}{\376\377\0005\000.\0007\0000\000\040\000I\000n\000v\000a\000l\000i\000d\000U\000s\000e\000r\000E\000x\000c\000e\000p\000t\000i\000o\000n\000.\000c\000p\000p}{chapter.5}% 407
\BOOKMARK [1][-]{section.5.71}{\376\377\0005\000.\0007\0001\000\040\000I\000O\000D\000i\000.\000c\000p\000p\000\040\000F\000i\000l\000e\000\040\000R\000e\000f\000e\000r\000e\000n\000c\000e}{chapter.5}% 408
\BOOKMARK [2][-]{subsection.5.71.1}{\376\377\0005\000.\0007\0001\000.\0001\000\040\000D\000e\000t\000a\000i\000l\000e\000d\000\040\000D\000e\000s\000c\000r\000i\000p\000t\000i\000o\000n}{section.5.71}% 409
\BOOKMARK [1][-]{section.5.72}{\376\377\0005\000.\0007\0002\000\040\000I\000O\000D\000i\000.\000c\000p\000p}{chapter.5}% 410
\BOOKMARK [1][-]{section.5.73}{\376\377\0005\000.\0007\0003\000\040\000K\000e\000r\000n\000e\000l\000D\000e\000v\000i\000c\000e\000.\000c\000p\000p\000\040\000F\000i\000l\000e\000\040\000R\000e\000f\000e\000r\000e\000n\000c\000e}{chapter.5}% 411
\BOOKMARK [2][-]{subsection.5.73.1}{\376\377\0005\000.\0007\0003\000.\0001\000\040\000D\000e\000t\000a\000i\000l\000e\000d\000\040\000D\000e\000s\000c\000r\000i\000p\000t\000i\000o\000n}{section.5.73}% 412
\BOOKMARK [1][-]{section.5.74}{\376\377\0005\000.\0007\0004\000\040\000K\000e\000r\000n\000e\000l\000D\000e\000v\000i\000c\000e\000.\000c\000p\000p}{chapter.5}% 413
\BOOKMARK [1][-]{section.5.75}{\376\377\0005\000.\0007\0005\000\040\000L\000o\000g\000i\000n\000.\000c\000p\000p\000\040\000F\000i\000l\000e\000\040\000R\000e\000f\000e\000r\000e\000n\000c\000e}{chapter.5}% 414
\BOOKMARK [2][-]{subsection.5.75.1}{\376\377\0005\000.\0007\0005\000.\0001\000\040\000D\000e\000t\000a\000i\000l\000e\000d\000\040\000D\000e\000s\000c\000r\000i\000p\000t\000i\000o\000n}{section.5.75}% 415
\BOOKMARK [1][-]{section.5.76}{\376\377\0005\000.\0007\0006\000\040\000L\000o\000g\000i\000n\000.\000c\000p\000p}{chapter.5}% 416
\BOOKMARK [1][-]{section.5.77}{\376\377\0005\000.\0007\0007\000\040\000m\000a\000i\000n\000.\000c\000p\000p\000\040\000F\000i\000l\000e\000\040\000R\000e\000f\000e\000r\000e\000n\000c\000e}{chapter.5}% 417
\BOOKMARK [2][-]{subsection.5.77.1}{\376\377\0005\000.\0007\0007\000.\0001\000\040\000D\000e\000t\000a\000i\000l\000e\000d\000\040\000D\000e\000s\000c\000r\000i\000p\000t\000i\000o\000n}{section.5.77}% 418
\BOOKMARK [2][-]{subsection.5.77.2}{\376\377\0005\000.\0007\0007\000.\0002\000\040\000E\000n\000u\000m\000e\000r\000a\000t\000i\000o\000n\000\040\000T\000y\000p\000e\000\040\000D\000o\000c\000u\000m\000e\000n\000t\000a\000t\000i\000o\000n}{section.5.77}% 419
\BOOKMARK [3][-]{subsubsection.5.77.2.1}{\376\377\0005\000.\0007\0007\000.\0002\000.\0001\000\040\000a\000n\000o\000n\000y\000m\000o\000u\000s\000\040\000e\000n\000u\000m}{subsection.5.77.2}% 420
\BOOKMARK [2][-]{subsection.5.77.3}{\376\377\0005\000.\0007\0007\000.\0003\000\040\000F\000u\000n\000c\000t\000i\000o\000n\000\040\000D\000o\000c\000u\000m\000e\000n\000t\000a\000t\000i\000o\000n}{section.5.77}% 421
\BOOKMARK [3][-]{subsubsection.5.77.3.1}{\376\377\0005\000.\0007\0007\000.\0003\000.\0001\000\040\000m\000a\000i\000n\000\050\000\051}{subsection.5.77.3}% 422
\BOOKMARK [1][-]{section.5.78}{\376\377\0005\000.\0007\0008\000\040\000m\000a\000i\000n\000.\000c\000p\000p}{chapter.5}% 423
\BOOKMARK [1][-]{section.5.79}{\376\377\0005\000.\0007\0009\000\040\000S\000i\000m\000p\000l\000e\000D\000i\000s\000p\000l\000a\000y\000.\000c\000p\000p\000\040\000F\000i\000l\000e\000\040\000R\000e\000f\000e\000r\000e\000n\000c\000e}{chapter.5}% 424
\BOOKMARK [2][-]{subsection.5.79.1}{\376\377\0005\000.\0007\0009\000.\0001\000\040\000D\000e\000t\000a\000i\000l\000e\000d\000\040\000D\000e\000s\000c\000r\000i\000p\000t\000i\000o\000n}{section.5.79}% 425
\BOOKMARK [1][-]{section.5.80}{\376\377\0005\000.\0008\0000\000\040\000S\000i\000m\000p\000l\000e\000D\000i\000s\000p\000l\000a\000y\000.\000c\000p\000p}{chapter.5}% 426
\BOOKMARK [1][-]{section.5.81}{\376\377\0005\000.\0008\0001\000\040\000U\000s\000e\000r\000.\000c\000p\000p\000\040\000F\000i\000l\000e\000\040\000R\000e\000f\000e\000r\000e\000n\000c\000e}{chapter.5}% 427
\BOOKMARK [2][-]{subsection.5.81.1}{\376\377\0005\000.\0008\0001\000.\0001\000\040\000D\000e\000t\000a\000i\000l\000e\000d\000\040\000D\000e\000s\000c\000r\000i\000p\000t\000i\000o\000n}{section.5.81}% 428
\BOOKMARK [1][-]{section.5.82}{\376\377\0005\000.\0008\0002\000\040\000U\000s\000e\000r\000.\000c\000p\000p}{chapter.5}% 429
\BOOKMARK [1][-]{section.5.83}{\376\377\0005\000.\0008\0003\000\040\000U\000s\000e\000r\000N\000o\000t\000F\000o\000u\000n\000d\000E\000x\000c\000e\000p\000t\000i\000o\000n\000.\000c\000p\000p\000\040\000F\000i\000l\000e\000\040\000R\000e\000f\000e\000r\000e\000n\000c\000e}{chapter.5}% 430
\BOOKMARK [1][-]{section.5.84}{\376\377\0005\000.\0008\0004\000\040\000U\000s\000e\000r\000N\000o\000t\000F\000o\000u\000n\000d\000E\000x\000c\000e\000p\000t\000i\000o\000n\000.\000c\000p\000p}{chapter.5}% 431
\BOOKMARK [0][-]{section*.114}{\376\377\000I\000n\000d\000e\000x}{}% 432
